Component: Arm Compiler for Embedded 6.24 Tool: armlink [5f371500]

==============================================================================

Section Cross References

    startup_stm32l073xx.o(STACK) refers (Special) to heapauxi.o(.text) for __use_two_region_memory
    startup_stm32l073xx.o(HEAP) refers (Special) to heapauxi.o(.text) for __use_two_region_memory
    startup_stm32l073xx.o(RESET) refers (Special) to heapauxi.o(.text) for __use_two_region_memory
    startup_stm32l073xx.o(RESET) refers to startup_stm32l073xx.o(STACK) for __initial_sp
    startup_stm32l073xx.o(RESET) refers to startup_stm32l073xx.o(.text) for Reset_Handler
    startup_stm32l073xx.o(RESET) refers to stm32l0xx_it.o(.text.NMI_Handler) for NMI_Handler
    startup_stm32l073xx.o(RESET) refers to stm32l0xx_it.o(.text.HardFault_Handler) for HardFault_Handler
    startup_stm32l073xx.o(RESET) refers to stm32l0xx_it.o(.text.SVC_Handler) for SVC_Handler
    startup_stm32l073xx.o(RESET) refers to stm32l0xx_it.o(.text.PendSV_Handler) for PendSV_Handler
    startup_stm32l073xx.o(RESET) refers to stm32l0xx_it.o(.text.SysTick_Handler) for SysTick_Handler
    startup_stm32l073xx.o(RESET) refers to stm32l0xx_it.o(.text.DMA1_Channel2_3_IRQHandler) for DMA1_Channel2_3_IRQHandler
    startup_stm32l073xx.o(RESET) refers to stm32l0xx_it.o(.text.DMA1_Channel4_5_6_7_IRQHandler) for DMA1_Channel4_5_6_7_IRQHandler
    startup_stm32l073xx.o(RESET) refers to stm32l0xx_it.o(.text.TIM2_IRQHandler) for TIM2_IRQHandler
    startup_stm32l073xx.o(RESET) refers to stm32l0xx_it.o(.text.I2C1_IRQHandler) for I2C1_IRQHandler
    startup_stm32l073xx.o(.text) refers (Special) to heapauxi.o(.text) for __use_two_region_memory
    startup_stm32l073xx.o(.text) refers to system_stm32l0xx.o(.text.SystemInit) for SystemInit
    startup_stm32l073xx.o(.text) refers to __main.o(!!!main) for __main
    startup_stm32l073xx.o(.text) refers to startup_stm32l073xx.o(HEAP) for Heap_Mem
    startup_stm32l073xx.o(.text) refers to startup_stm32l073xx.o(STACK) for Stack_Mem
    i2c_lcd.o(.text.I2C_LCD_Init) refers to stm32l0xx_hal.o(.text.HAL_GetTick) for HAL_GetTick
    i2c_lcd.o(.text.I2C_LCD_Init) refers to i2c_lcd.o(.text.I2C_LCD_Write4Bits) for I2C_LCD_Write4Bits
    i2c_lcd.o(.text.I2C_LCD_Init) refers to aeabi_sdivfast.o(.text_divfast) for __aeabi_uidiv
    i2c_lcd.o(.text.I2C_LCD_Init) refers to system_stm32l0xx.o(.data.SystemCoreClock) for SystemCoreClock
    i2c_lcd.o(.text.I2C_LCD_Init) refers to i2c_lcd.o(.bss.I2C_LCD_InfoParam_g) for [Anonymous Symbol]
    i2c_lcd.o(.ARM.exidx.text.I2C_LCD_Init) refers to i2c_lcd.o(.text.I2C_LCD_Init) for [Anonymous Symbol]
    i2c_lcd.o(.text.I2C_LCD_Clear) refers to i2c_lcd.o(.text.I2C_LCD_Write4Bits) for I2C_LCD_Write4Bits
    i2c_lcd.o(.text.I2C_LCD_Clear) refers to aeabi_sdivfast.o(.text_divfast) for __aeabi_uidiv
    i2c_lcd.o(.text.I2C_LCD_Clear) refers to system_stm32l0xx.o(.data.SystemCoreClock) for SystemCoreClock
    i2c_lcd.o(.ARM.exidx.text.I2C_LCD_Clear) refers to i2c_lcd.o(.text.I2C_LCD_Clear) for [Anonymous Symbol]
    i2c_lcd.o(.text.I2C_LCD_Home) refers to i2c_lcd.o(.text.I2C_LCD_Write4Bits) for I2C_LCD_Write4Bits
    i2c_lcd.o(.text.I2C_LCD_Home) refers to aeabi_sdivfast.o(.text_divfast) for __aeabi_uidiv
    i2c_lcd.o(.text.I2C_LCD_Home) refers to system_stm32l0xx.o(.data.SystemCoreClock) for SystemCoreClock
    i2c_lcd.o(.ARM.exidx.text.I2C_LCD_Home) refers to i2c_lcd.o(.text.I2C_LCD_Home) for [Anonymous Symbol]
    i2c_lcd.o(.text.I2C_LCD_SetCursor) refers to i2c_lcd.o(.text.I2C_LCD_Write4Bits) for I2C_LCD_Write4Bits
    i2c_lcd.o(.text.I2C_LCD_SetCursor) refers to i2c_lcd_cfg.o(.rodata.I2C_LCD_CfgParam) for I2C_LCD_CfgParam
    i2c_lcd.o(.ARM.exidx.text.I2C_LCD_SetCursor) refers to i2c_lcd.o(.text.I2C_LCD_SetCursor) for [Anonymous Symbol]
    i2c_lcd.o(.text.I2C_LCD_WriteChar) refers to i2c_lcd.o(.text.I2C_LCD_Write4Bits) for I2C_LCD_Write4Bits
    i2c_lcd.o(.ARM.exidx.text.I2C_LCD_WriteChar) refers to i2c_lcd.o(.text.I2C_LCD_WriteChar) for [Anonymous Symbol]
    i2c_lcd.o(.text.I2C_LCD_WriteString) refers to i2c_lcd.o(.text.I2C_LCD_Write4Bits) for I2C_LCD_Write4Bits
    i2c_lcd.o(.ARM.exidx.text.I2C_LCD_WriteString) refers to i2c_lcd.o(.text.I2C_LCD_WriteString) for [Anonymous Symbol]
    i2c_lcd.o(.text.I2C_LCD_ShiftLeft) refers to i2c_lcd.o(.text.I2C_LCD_Write4Bits) for I2C_LCD_Write4Bits
    i2c_lcd.o(.ARM.exidx.text.I2C_LCD_ShiftLeft) refers to i2c_lcd.o(.text.I2C_LCD_ShiftLeft) for [Anonymous Symbol]
    i2c_lcd.o(.text.I2C_LCD_ShiftRight) refers to i2c_lcd.o(.text.I2C_LCD_Write4Bits) for I2C_LCD_Write4Bits
    i2c_lcd.o(.ARM.exidx.text.I2C_LCD_ShiftRight) refers to i2c_lcd.o(.text.I2C_LCD_ShiftRight) for [Anonymous Symbol]
    i2c_lcd.o(.text.I2C_LCD_Backlight) refers to stm32l0xx_hal_i2c.o(.text.HAL_I2C_Master_Transmit) for HAL_I2C_Master_Transmit
    i2c_lcd.o(.text.I2C_LCD_Backlight) refers to i2c_lcd.o(.bss.I2C_LCD_InfoParam_g) for [Anonymous Symbol]
[...]
    [Anonymous Symbol]                       0x080016bc   Section        0  stm32l0xx_hal_dma.o(.text.HAL_DMA_Init)
    __arm_cp.0_0                             0x08001750   Number         4  stm32l0xx_hal_dma.o(.text.HAL_DMA_Init)
    __arm_cp.0_1                             0x08001754   Number         4  stm32l0xx_hal_dma.o(.text.HAL_DMA_Init)
    __arm_cp.0_2                             0x08001758   Number         4  stm32l0xx_hal_dma.o(.text.HAL_DMA_Init)
    __arm_cp.0_3                             0x0800175c   Number         4  stm32l0xx_hal_dma.o(.text.HAL_DMA_Init)
    [Anonymous Symbol]                       0x08001760   Section        0  stm32l0xx_hal.o(.text.HAL_Delay)
    __arm_cp.10_0                            0x08001780   Number         4  stm32l0xx_hal.o(.text.HAL_Delay)
    [Anonymous Symbol]                       0x08001784   Section        0  stm32l0xx_hal_gpio.o(.text.HAL_GPIO_Init)
    __arm_cp.0_0                             0x08001900   Number         4  stm32l0xx_hal_gpio.o(.text.HAL_GPIO_Init)
    __arm_cp.0_1                             0x08001904   Number         4  stm32l0xx_hal_gpio.o(.text.HAL_GPIO_Init)
    __arm_cp.0_2                             0x08001908   Number         4  stm32l0xx_hal_gpio.o(.text.HAL_GPIO_Init)
    __arm_cp.0_3                             0x0800190c   Number         4  stm32l0xx_hal_gpio.o(.text.HAL_GPIO_Init)
    [Anonymous Symbol]                       0x08001910   Section        0  stm32l0xx_hal_gpio.o(.text.HAL_GPIO_WritePin)
    [Anonymous Symbol]                       0x08001920   Section        0  stm32l0xx_hal.o(.text.HAL_GetTick)
    __arm_cp.6_0                             0x08001928   Number         4  stm32l0xx_hal.o(.text.HAL_GetTick)
    [Anonymous Symbol]                       0x0800192c   Section        0  stm32l0xx_hal_i2c_ex.o(.text.HAL_I2CEx_ConfigAnalogFilter)
    [Anonymous Symbol]                       0x0800196e   Section        0  stm32l0xx_hal_i2c_ex.o(.text.HAL_I2CEx_ConfigDigitalFilter)
    [Anonymous Symbol]                       0x080019b0   Section        0  stm32l0xx_hal_i2c.o(.text.HAL_I2C_AbortCpltCallback)
    [Anonymous Symbol]                       0x080019b2   Section        0  stm32l0xx_hal_i2c.o(.text.HAL_I2C_AddrCallback)
    [Anonymous Symbol]                       0x080019b4   Section        0  stm32l0xx_hal_i2c.o(.text.HAL_I2C_ER_IRQHandler)
    [Anonymous Symbol]                       0x08001a36   Section        0  stm32l0xx_hal_i2c.o(.text.HAL_I2C_EV_IRQHandler)
    [Anonymous Symbol]                       0x08001a48   Section        0  stm32l0xx_hal_i2c.o(.text.HAL_I2C_ErrorCallback)
    [Anonymous Symbol]                       0x08001a4c   Section        0  stm32l0xx_hal_i2c.o(.text.HAL_I2C_Init)
    __arm_cp.0_0                             0x08001af8   Number         4  stm32l0xx_hal_i2c.o(.text.HAL_I2C_Init)
    __arm_cp.0_1                             0x08001afc   Number         4  stm32l0xx_hal_i2c.o(.text.HAL_I2C_Init)
    [Anonymous Symbol]                       0x08001b00   Section        0  stm32l0xx_hal_i2c.o(.text.HAL_I2C_ListenCpltCallback)
    [Anonymous Symbol]                       0x08001b04   Section        0  stm32l0xx_hal_i2c.o(.text.HAL_I2C_Master_Transmit)
    __arm_cp.4_0                             0x08001cc0   Number         4  stm32l0xx_hal_i2c.o(.text.HAL_I2C_Master_Transmit)
    __arm_cp.4_1                             0x08001cc4   Number         4  stm32l0xx_hal_i2c.o(.text.HAL_I2C_Master_Transmit)
    __arm_cp.4_2                             0x08001cc8   Number         4  stm32l0xx_hal_i2c.o(.text.HAL_I2C_Master_Transmit)
    __arm_cp.4_3                             0x08001ccc   Number         4  stm32l0xx_hal_i2c.o(.text.HAL_I2C_Master_Transmit)
    __arm_cp.4_4                             0x08001cd0   Number         4  stm32l0xx_hal_i2c.o(.text.HAL_I2C_Master_Transmit)
    [Anonymous Symbol]                       0x08001cd4   Section        0  stm32l0xx_hal_msp.o(.text.HAL_I2C_MspInit)
    __arm_cp.1_0                             0x08001d9c   Number         4  stm32l0xx_hal_msp.o(.text.HAL_I2C_MspInit)
    __arm_cp.1_1                             0x08001da0   Number         4  stm32l0xx_hal_msp.o(.text.HAL_I2C_MspInit)
    __arm_cp.1_2                             0x08001da4   Number         4  stm32l0xx_hal_msp.o(.text.HAL_I2C_MspInit)
    __arm_cp.1_3                             0x08001da8   Number         4  stm32l0xx_hal_msp.o(.text.HAL_I2C_MspInit)
    __arm_cp.1_4                             0x08001dac   Number         4  stm32l0xx_hal_msp.o(.text.HAL_I2C_MspInit)
    [Anonymous Symbol]                       0x08001db0   Section        0  stm32l0xx_hal_i2c.o(.text.HAL_I2C_SlaveRxCpltCallback)
    [Anonymous Symbol]                       0x08001db2   Section        0  stm32l0xx_hal_i2c.o(.text.HAL_I2C_SlaveTxCpltCallback)
    [Anonymous Symbol]                       0x08001db4   Section        0  stm32l0xx_hal.o(.text.HAL_IncTick)
    __arm_cp.5_1                             0x08001dc4   Number         4  stm32l0xx_hal.o(.text.HAL_IncTick)
    [Anonymous Symbol]                       0x08001dc8   Section        0  stm32l0xx_hal.o(.text.HAL_Init)
    __arm_cp.0_0                             0x08001dec   Number         4  stm32l0xx_hal.o(.text.HAL_Init)
    [Anonymous Symbol]                       0x08001df0   Section        0  stm32l0xx_hal.o(.text.HAL_InitTick)
    __arm_cp.1_0                             0x08001e2c   Number         4  stm32l0xx_hal.o(.text.HAL_InitTick)
    __arm_cp.1_1                             0x08001e30   Number         4  stm32l0xx_hal.o(.text.HAL_InitTick)
    [Anonymous Symbol]                       0x08001e34   Section        0  stm32l0xx_hal_msp.o(.text.HAL_MspInit)
    __arm_cp.0_0                             0x08001e48   Number         4  stm32l0xx_hal_msp.o(.text.HAL_MspInit)
    [Anonymous Symbol]                       0x08001e4c   Section        0  stm32l0xx_hal_cortex.o(.text.HAL_NVIC_EnableIRQ)
    __arm_cp.1_0                             0x08001e60   Number         4  stm32l0xx_hal_cortex.o(.text.HAL_NVIC_EnableIRQ)
    [Anonymous Symbol]                       0x08001e64   Section        0  stm32l0xx_hal_cortex.o(.text.HAL_NVIC_SetPriority)
    __arm_cp.0_0                             0x08001e94   Number         4  stm32l0xx_hal_cortex.o(.text.HAL_NVIC_SetPriority)
    __arm_cp.0_1                             0x08001e98   Number         4  stm32l0xx_hal_cortex.o(.text.HAL_NVIC_SetPriority)
    [Anonymous Symbol]                       0x08001e9c   Section        0  stm32l0xx_hal_rcc_ex.o(.text.HAL_RCCEx_PeriphCLKConfig)
    __arm_cp.0_0                             0x080020cc   Number         4  stm32l0xx_hal_rcc_ex.o(.text.HAL_RCCEx_PeriphCLKConfig)
    __arm_cp.0_1                             0x080020d0   Number         4  stm32l0xx_hal_rcc_ex.o(.text.HAL_RCCEx_PeriphCLKConfig)
    [Anonymous Symbol]                       0x080020d4   Section        0  stm32l0xx_hal_rcc.o(.text.HAL_RCC_ClockConfig)
    __arm_cp.3_0                             0x080022cc   Number         4  stm32l0xx_hal_rcc.o(.text.HAL_RCC_ClockConfig)
    __arm_cp.3_1                             0x080022d0   Number         4  stm32l0xx_hal_rcc.o(.text.HAL_RCC_ClockConfig)
    __arm_cp.3_7                             0x080022d4   Number         4  stm32l0xx_hal_rcc.o(.text.HAL_RCC_ClockConfig)
    __arm_cp.3_9                             0x080022d8   Number         4  stm32l0xx_hal_rcc.o(.text.HAL_RCC_ClockConfig)
    [Anonymous Symbol]                       0x080022dc   Section        0  stm32l0xx_hal_rcc.o(.text.HAL_RCC_GetPCLK1Freq)
    [Anonymous Symbol]                       0x080022f0   Section        0  stm32l0xx_hal_rcc.o(.text.HAL_RCC_GetPCLK2Freq)
    __arm_cp.8_0                             0x08002304   Number         4  stm32l0xx_hal_rcc.o(.text.HAL_RCC_GetPCLK2Freq)
    __arm_cp.8_1                             0x08002308   Number         4  stm32l0xx_hal_rcc.o(.text.HAL_RCC_GetPCLK2Freq)
    __arm_cp.8_2                             0x0800230c   Number         4  stm32l0xx_hal_rcc.o(.text.HAL_RCC_GetPCLK2Freq)
    [Anonymous Symbol]                       0x08002310   Section        0  stm32l0xx_hal_rcc.o(.text.HAL_RCC_GetSysClockFreq)
    __arm_cp.2_1                             0x08002378   Number         4  stm32l0xx_hal_rcc.o(.text.HAL_RCC_GetSysClockFreq)
    __arm_cp.2_2                             0x0800237c   Number         4  stm32l0xx_hal_rcc.o(.text.HAL_RCC_GetSysClockFreq)
    __arm_cp.2_3                             0x08002380   Number         4  stm32l0xx_hal_rcc.o(.text.HAL_RCC_GetSysClockFreq)
    __arm_cp.2_4                             0x08002384   Number         4  stm32l0xx_hal_rcc.o(.text.HAL_RCC_GetSysClockFreq)
    [Anonymous Symbol]                       0x08002388   Section        0  stm32l0xx_hal_rcc.o(.text.HAL_RCC_OscConfig)
    __arm_cp.1_13                            0x08002524   Number         4  stm32l0xx_hal_rcc.o(.text.HAL_RCC_OscConfig)
    __arm_cp.1_1                             0x080028ec   Number         4  stm32l0xx_hal_rcc.o(.text.HAL_RCC_OscConfig)
    __arm_cp.1_2                             0x080028f0   Number         4  stm32l0xx_hal_rcc.o(.text.HAL_RCC_OscConfig)
    __arm_cp.1_3                             0x080028f4   Number         4  stm32l0xx_hal_rcc.o(.text.HAL_RCC_OscConfig)
    __arm_cp.1_4                             0x080028f8   Number         4  stm32l0xx_hal_rcc.o(.text.HAL_RCC_OscConfig)
    __arm_cp.1_5                             0x080028fc   Number         4  stm32l0xx_hal_rcc.o(.text.HAL_RCC_OscConfig)
    __arm_cp.1_6                             0x08002900   Number         4  stm32l0xx_hal_rcc.o(.text.HAL_RCC_OscConfig)
    __arm_cp.1_7                             0x08002904   Number         4  stm32l0xx_hal_rcc.o(.text.HAL_RCC_OscConfig)
    __arm_cp.1_8                             0x08002908   Number         4  stm32l0xx_hal_rcc.o(.text.HAL_RCC_OscConfig)
    __arm_cp.1_9                             0x0800290c   Number         4  stm32l0xx_hal_rcc.o(.text.HAL_RCC_OscConfig)
    __arm_cp.1_10                            0x08002910   Number         4  stm32l0xx_hal_rcc.o(.text.HAL_RCC_OscConfig)
    [Anonymous Symbol]                       0x08002914   Section        0  stm32l0xx_hal_cortex.o(.text.HAL_SYSTICK_Config)
    __arm_cp.4_0                             0x0800293c   Number         4  stm32l0xx_hal_cortex.o(.text.HAL_SYSTICK_Config)
    __arm_cp.4_1                             0x08002940   Number         4  stm32l0xx_hal_cortex.o(.text.HAL_SYSTICK_Config)
    __arm_cp.4_2                             0x08002944   Number         4  stm32l0xx_hal_cortex.o(.text.HAL_SYSTICK_Config)
    [Anonymous Symbol]                       0x08002948   Section        0  stm32l0xx_hal_tim_ex.o(.text.HAL_TIMEx_MasterConfigSynchronization)
    [Anonymous Symbol]                       0x080029a4   Section        0  stm32l0xx_hal_tim_ex.o(.text.HAL_TIMEx_RemapConfig)
    [Anonymous Symbol]                       0x080029c0   Section        0  stm32l0xx_hal_tim.o(.text.HAL_TIM_Base_Init)
    __arm_cp.0_0                             0x08002a74   Number         4  stm32l0xx_hal_tim.o(.text.HAL_TIM_Base_Init)
    __arm_cp.0_1                             0x08002a78   Number         4  stm32l0xx_hal_tim.o(.text.HAL_TIM_Base_Init)
    __arm_cp.0_2                             0x08002a7c   Number         4  stm32l0xx_hal_tim.o(.text.HAL_TIM_Base_Init)
    [Anonymous Symbol]                       0x08002a80   Section        0  stm32l0xx_hal_msp.o(.text.HAL_TIM_Base_MspInit)
    __arm_cp.3_0                             0x08002b28   Number         4  stm32l0xx_hal_msp.o(.text.HAL_TIM_Base_MspInit)
    __arm_cp.3_1                             0x08002b2c   Number         4  stm32l0xx_hal_msp.o(.text.HAL_TIM_Base_MspInit)
    __arm_cp.3_2                             0x08002b30   Number         4  stm32l0xx_hal_msp.o(.text.HAL_TIM_Base_MspInit)
    __arm_cp.3_3                             0x08002b34   Number         4  stm32l0xx_hal_msp.o(.text.HAL_TIM_Base_MspInit)
    [Anonymous Symbol]                       0x08002b38   Section        0  stm32l0xx_hal_tim.o(.text.HAL_TIM_ConfigClockSource)
    __arm_cp.85_0                            0x08002c90   Number         4  stm32l0xx_hal_tim.o(.text.HAL_TIM_ConfigClockSource)
    [Anonymous Symbol]                       0x08002c94   Section        0  main.o(.text.HAL_TIM_IC_CaptureCallback)
    __arm_cp.0_0                             0x08002d28   Number         4  main.o(.text.HAL_TIM_IC_CaptureCallback)
    __arm_cp.0_1                             0x08002d2c   Number         4  main.o(.text.HAL_TIM_IC_CaptureCallback)
    __arm_cp.0_2                             0x08002d30   Number         4  main.o(.text.HAL_TIM_IC_CaptureCallback)
    __arm_cp.0_3                             0x08002d34   Number         4  main.o(.text.HAL_TIM_IC_CaptureCallback)
    [Anonymous Symbol]                       0x08002d5c   Section        0  stm32l0xx_hal_tim.o(.text.HAL_TIM_IC_ConfigChannel)
    __arm_cp.72_0                            0x08002ee0   Number         4  stm32l0xx_hal_tim.o(.text.HAL_TIM_IC_ConfigChannel)
    [Anonymous Symbol]                       0x08002ee4   Section        0  stm32l0xx_hal_tim.o(.text.HAL_TIM_IC_Init)
    [Anonymous Symbol]                       0x08002f98   Section        0  stm32l0xx_hal_tim.o(.text.HAL_TIM_IC_MspInit)
    [Anonymous Symbol]                       0x08002f9c   Section        0  stm32l0xx_hal_tim.o(.text.HAL_TIM_IC_Start_IT)
    __arm_cp.41_0                            0x08003050   Number         4  stm32l0xx_hal_tim.o(.text.HAL_TIM_IC_Start_IT)
    __arm_cp.41_1                            0x08003054   Number         4  stm32l0xx_hal_tim.o(.text.HAL_TIM_IC_Start_IT)
    __arm_cp.41_2                            0x08003058   Number         4  stm32l0xx_hal_tim.o(.text.HAL_TIM_IC_Start_IT)
    __arm_cp.41_3                            0x0800305c   Number         4  stm32l0xx_hal_tim.o(.text.HAL_TIM_IC_Start_IT)
    __arm_cp.41_4                            0x08003060   Number         4  stm32l0xx_hal_tim.o(.text.HAL_TIM_IC_Start_IT)
    [Anonymous Symbol]                       0x08003064   Section        0  stm32l0xx_hal_tim.o(.text.HAL_TIM_IRQHandler)
    [Anonymous Symbol]                       0x080031d8   Section        0  stm32l0xx_hal_msp.o(.text.HAL_TIM_MspPostInit)
    __arm_cp.4_0                             0x08003224   Number         4  stm32l0xx_hal_msp.o(.text.HAL_TIM_MspPostInit)
    [Anonymous Symbol]                       0x08003228   Section        0  stm32l0xx_hal_tim.o(.text.HAL_TIM_OC_DelayElapsedCallback)
    [Anonymous Symbol]                       0x0800322c   Section        0  stm32l0xx_hal_tim.o(.text.HAL_TIM_PWM_ConfigChannel)
    [Anonymous Symbol]                       0x0800337c   Section        0  stm32l0xx_hal_tim.o(.text.HAL_TIM_PWM_Init)
    __arm_cp.25_0                            0x08003430   Number         4  stm32l0xx_hal_tim.o(.text.HAL_TIM_PWM_Init)
    __arm_cp.25_1                            0x08003434   Number         4  stm32l0xx_hal_tim.o(.text.HAL_TIM_PWM_Init)
    __arm_cp.25_2                            0x08003438   Number         4  stm32l0xx_hal_tim.o(.text.HAL_TIM_PWM_Init)
    __arm_cp.25_3                            0x0800343c   Number         4  stm32l0xx_hal_tim.o(.text.HAL_TIM_PWM_Init)
    [Anonymous Symbol]                       0x08003440   Section        0  stm32l0xx_hal_tim.o(.text.HAL_TIM_PWM_MspInit)
    [Anonymous Symbol]                       0x08003442   Section        0  stm32l0xx_hal_tim.o(.text.HAL_TIM_PWM_PulseFinishedCallback)
    [Anonymous Symbol]                       0x08003444   Section        0  stm32l0xx_hal_tim.o(.text.HAL_TIM_PeriodElapsedCallback)
    [Anonymous Symbol]                       0x08003446   Section        0  stm32l0xx_hal_tim.o(.text.HAL_TIM_ReadCapturedValue)
    [Anonymous Symbol]                       0x0800345c   Section        0  stm32l0xx_hal_tim.o(.text.HAL_TIM_TriggerCallback)
    [Anonymous Symbol]                       0x0800345e   Section        0  stm32l0xx_hal_uart.o(.text.HAL_UART_Init)
    [Anonymous Symbol]                       0x080034cc   Section        0  stm32l0xx_hal_msp.o(.text.HAL_UART_MspInit)
    __arm_cp.6_0                             0x08003524   Number         4  stm32l0xx_hal_msp.o(.text.HAL_UART_MspInit)
    __arm_cp.6_1                             0x08003528   Number         4  stm32l0xx_hal_msp.o(.text.HAL_UART_MspInit)
    [Anonymous Symbol]                       0x0800352c   Section        0  stm32l0xx_hal_uart.o(.text.HAL_UART_Transmit)
    __arm_cp.10_0                            0x080036b4   Number         4  stm32l0xx_hal_uart.o(.text.HAL_UART_Transmit)
    [Anonymous Symbol]                       0x080036b8   Section        0  stm32l0xx_it.o(.text.HardFault_Handler)
    [Anonymous Symbol]                       0x080036bc   Section        0  stm32l0xx_it.o(.text.I2C1_IRQHandler)
    __arm_cp.8_0                             0x080036dc   Number         4  stm32l0xx_it.o(.text.I2C1_IRQHandler)
    I2C_DMAAbort                             0x080036e1   Thumb Code    62  stm32l0xx_hal_i2c.o(.text.I2C_DMAAbort)
    [Anonymous Symbol]                       0x080036e0   Section        0  stm32l0xx_hal_i2c.o(.text.I2C_DMAAbort)
    I2C_ITAddrCplt                           0x08003721   Thumb Code   152  stm32l0xx_hal_i2c.o(.text.I2C_ITAddrCplt)
    [Anonymous Symbol]                       0x08003720   Section        0  stm32l0xx_hal_i2c.o(.text.I2C_ITAddrCplt)
    __arm_cp.71_0                            0x080037b8   Number         4  stm32l0xx_hal_i2c.o(.text.I2C_ITAddrCplt)
    I2C_ITError                              0x080037bd   Thumb Code   336  stm32l0xx_hal_i2c.o(.text.I2C_ITError)
    [Anonymous Symbol]                       0x080037bc   Section        0  stm32l0xx_hal_i2c.o(.text.I2C_ITError)
    __arm_cp.52_0                            0x0800390c   Number         4  stm32l0xx_hal_i2c.o(.text.I2C_ITError)
    __arm_cp.52_1                            0x08003910   Number         4  stm32l0xx_hal_i2c.o(.text.I2C_ITError)
    __arm_cp.52_2                            0x08003914   Number         4  stm32l0xx_hal_i2c.o(.text.I2C_ITError)
    I2C_ITSlaveCplt                          0x08003919   Thumb Code   840  stm32l0xx_hal_i2c.o(.text.I2C_ITSlaveCplt)
    [Anonymous Symbol]                       0x08003918   Section        0  stm32l0xx_hal_i2c.o(.text.I2C_ITSlaveCplt)
    __arm_cp.68_0                            0x08003c60   Number         4  stm32l0xx_hal_i2c.o(.text.I2C_ITSlaveCplt)
    __arm_cp.68_1                            0x08003c64   Number         4  stm32l0xx_hal_i2c.o(.text.I2C_ITSlaveCplt)
    __arm_cp.68_2                            0x08003c68   Number         4  stm32l0xx_hal_i2c.o(.text.I2C_ITSlaveCplt)
    I2C_ITSlaveSeqCplt                       0x08003c6d   Thumb Code   124  stm32l0xx_hal_i2c.o(.text.I2C_ITSlaveSeqCplt)
    [Anonymous Symbol]                       0x08003c6c   Section        0  stm32l0xx_hal_i2c.o(.text.I2C_ITSlaveSeqCplt)
    __arm_cp.70_0                            0x08003ce8   Number         4  stm32l0xx_hal_i2c.o(.text.I2C_ITSlaveSeqCplt)
    __arm_cp.70_1                            0x08003cec   Number         4  stm32l0xx_hal_i2c.o(.text.I2C_ITSlaveSeqCplt)
    I2C_IsErrorOccurred                      0x08003cf1   Thumb Code   376  stm32l0xx_hal_i2c.o(.text.I2C_IsErrorOccurred)
    [Anonymous Symbol]                       0x08003cf0   Section        0  stm32l0xx_hal_i2c.o(.text.I2C_IsErrorOccurred)
    __arm_cp.72_0                            0x08003e68   Number         4  stm32l0xx_hal_i2c.o(.text.I2C_IsErrorOccurred)
    [Anonymous Symbol]                       0x08003e6c   Section        0  i2c_lcd.o(.text.I2C_LCD_Init)
    [Anonymous Symbol]                       0x08004120   Section        0  i2c_lcd.o(.text.I2C_LCD_SetCursor)
    __arm_cp.3_0                             0x08004158   Number         4  i2c_lcd.o(.text.I2C_LCD_SetCursor)
    I2C_LCD_Write4Bits                       0x0800416d   Thumb Code   224  i2c_lcd.o(.text.I2C_LCD_Write4Bits)
    [Anonymous Symbol]                       0x0800416c   Section        0  i2c_lcd.o(.text.I2C_LCD_Write4Bits)
    __arm_cp.18_0                            0x0800424c   Number         4  i2c_lcd.o(.text.I2C_LCD_Write4Bits)
    __arm_cp.18_1                            0x08004250   Number         4  i2c_lcd.o(.text.I2C_LCD_Write4Bits)
    __arm_cp.18_2                            0x08004254   Number         4  i2c_lcd.o(.text.I2C_LCD_Write4Bits)
    __arm_cp.18_3                            0x08004258   Number         4  i2c_lcd.o(.text.I2C_LCD_Write4Bits)
    __arm_cp.18_4                            0x0800425c   Number         4  i2c_lcd.o(.text.I2C_LCD_Write4Bits)
    [Anonymous Symbol]                       0x08004260   Section        0  i2c_lcd.o(.text.I2C_LCD_WriteString)
    I2C_Slave_ISR_IT                         0x08004295   Thumb Code   492  stm32l0xx_hal_i2c.o(.text.I2C_Slave_ISR_IT)
    [Anonymous Symbol]                       0x08004294   Section        0  stm32l0xx_hal_i2c.o(.text.I2C_Slave_ISR_IT)
    __arm_cp.16_0                            0x08004480   Number         4  stm32l0xx_hal_i2c.o(.text.I2C_Slave_ISR_IT)
    __arm_cp.16_1                            0x08004484   Number         4  stm32l0xx_hal_i2c.o(.text.I2C_Slave_ISR_IT)
    __arm_cp.16_2                            0x08004488   Number         4  stm32l0xx_hal_i2c.o(.text.I2C_Slave_ISR_IT)
    __arm_cp.16_3                            0x0800448c   Number         4  stm32l0xx_hal_i2c.o(.text.I2C_Slave_ISR_IT)
    I2C_WaitOnFlagUntilTimeout               0x08004491   Thumb Code   250  stm32l0xx_hal_i2c.o(.text.I2C_WaitOnFlagUntilTimeout)
    [Anonymous Symbol]                       0x08004490   Section        0  stm32l0xx_hal_i2c.o(.text.I2C_WaitOnFlagUntilTimeout)
    I2C_WaitOnSTOPFlagUntilTimeout           0x0800458b   Thumb Code   134  stm32l0xx_hal_i2c.o(.text.I2C_WaitOnSTOPFlagUntilTimeout)
    [Anonymous Symbol]                       0x0800458a   Section        0  stm32l0xx_hal_i2c.o(.text.I2C_WaitOnSTOPFlagUntilTimeout)
    I2C_WaitOnTXISFlagUntilTimeout           0x08004611   Thumb Code   166  stm32l0xx_hal_i2c.o(.text.I2C_WaitOnTXISFlagUntilTimeout)
    [Anonymous Symbol]                       0x08004610   Section        0  stm32l0xx_hal_i2c.o(.text.I2C_WaitOnTXISFlagUntilTimeout)
    [Anonymous Symbol]                       0x080046b6   Section        0  stm32l0xx_it.o(.text.NMI_Handler)
    [Anonymous Symbol]                       0x080046b8   Section        0  stm32l0xx_it.o(.text.PendSV_Handler)
    [Anonymous Symbol]                       0x080046ba   Section        0  stm32l0xx_it.o(.text.SVC_Handler)
    [Anonymous Symbol]                       0x080046bc   Section        0  stm32l0xx_it.o(.text.SysTick_Handler)
    [Anonymous Symbol]                       0x080046c4   Section        0  main.o(.text.SystemClock_Config)
    __arm_cp.2_0                             0x08004760   Number         4  main.o(.text.SystemClock_Config)
    [Anonymous Symbol]                       0x08004764   Section        0  system_stm32l0xx.o(.text.SystemInit)
    [Anonymous Symbol]                       0x08004768   Section        0  stm32l0xx_it.o(.text.TIM2_IRQHandler)
    __arm_cp.7_0                             0x08004774   Number         4  stm32l0xx_it.o(.text.TIM2_IRQHandler)
    [Anonymous Symbol]                       0x08004778   Section        0  stm32l0xx_hal_uart.o(.text.UART_AdvFeatureConfig)
    [Anonymous Symbol]                       0x0800484c   Section        0  stm32l0xx_hal_uart.o(.text.UART_CheckIdleState)
    __arm_cp.4_0                             0x08004918   Number         4  stm32l0xx_hal_uart.o(.text.UART_CheckIdleState)
    [Anonymous Symbol]                       0x0800491c   Section        0  stm32l0xx_hal_uart.o(.text.UART_SetConfig)
    __arm_cp.3_0                             0x08004b00   Number         4  stm32l0xx_hal_uart.o(.text.UART_SetConfig)
    __arm_cp.3_1                             0x08004b04   Number         4  stm32l0xx_hal_uart.o(.text.UART_SetConfig)
    __arm_cp.3_2                             0x08004b08   Number         4  stm32l0xx_hal_uart.o(.text.UART_SetConfig)
    __arm_cp.3_3                             0x08004b0c   Number         4  stm32l0xx_hal_uart.o(.text.UART_SetConfig)
    __arm_cp.3_4                             0x08004b10   Number         4  stm32l0xx_hal_uart.o(.text.UART_SetConfig)
    __arm_cp.3_5                             0x08004b14   Number         4  stm32l0xx_hal_uart.o(.text.UART_SetConfig)
    __arm_cp.3_6                             0x08004b18   Number         4  stm32l0xx_hal_uart.o(.text.UART_SetConfig)
    __arm_cp.3_7                             0x08004b1c   Number         4  stm32l0xx_hal_uart.o(.text.UART_SetConfig)
    __arm_cp.3_8                             0x08004b20   Number         4  stm32l0xx_hal_uart.o(.text.UART_SetConfig)
    __arm_cp.3_10                            0x08004b34   Number         4  stm32l0xx_hal_uart.o(.text.UART_SetConfig)
    __arm_cp.3_11                            0x08004b38   Number         4  stm32l0xx_hal_uart.o(.text.UART_SetConfig)
    __arm_cp.3_12                            0x08004b3c   Number         4  stm32l0xx_hal_uart.o(.text.UART_SetConfig)
    __arm_cp.3_13                            0x08004b40   Number         4  stm32l0xx_hal_uart.o(.text.UART_SetConfig)
    __arm_cp.3_14                            0x08004b44   Number         4  stm32l0xx_hal_uart.o(.text.UART_SetConfig)
    [Anonymous Symbol]                       0x08004b48   Section        0  stm32l0xx_hal_uart.o(.text.UART_WaitOnFlagUntilTimeout)
    [Anonymous Symbol]                       0x08004d04   Section        0  main.o(.text.main)
    __arm_cp.1_0                             0x08005034   Number         4  main.o(.text.main)
    __arm_cp.1_1                             0x08005038   Number         4  main.o(.text.main)
    __arm_cp.1_2                             0x0800503c   Number         4  main.o(.text.main)
    __arm_cp.1_3                             0x08005040   Number         4  main.o(.text.main)
    __arm_cp.1_4                             0x08005044   Number         4  main.o(.text.main)
    __arm_cp.1_5                             0x08005048   Number         4  main.o(.text.main)
    __arm_cp.1_6                             0x0800504c   Number         4  main.o(.text.main)
    __arm_cp.1_7                             0x08005050   Number         4  main.o(.text.main)
    __arm_cp.1_8                             0x08005054   Number         4  main.o(.text.main)
    __arm_cp.1_9                             0x08005058   Number         4  main.o(.text.main)
    __arm_cp.1_10                            0x0800505c   Number         4  main.o(.text.main)
    __arm_cp.1_11                            0x08005060   Number         4  main.o(.text.main)
    __arm_cp.1_12                            0x08005064   Number         4  main.o(.text.main)
    __arm_cp.1_14                            0x08005070   Number         4  main.o(.text.main)
    __arm_cp.1_15                            0x08005074   Number         4  main.o(.text.main)
    __arm_cp.1_16                            0x08005078   Number         4  main.o(.text.main)
    .text_divfast                            0x0800507c   Section      502  aeabi_sdivfast.o(.text_divfast)
    i.__ARM_common_ll_muluu                  0x08005272   Section        0  btod.o(i.__ARM_common_ll_muluu)
    i.__ARM_fpclassify                       0x080052a4   Section        0  fpclassify.o(i.__ARM_fpclassify)
    i._is_digit                              0x080052d0   Section        0  __printf_wp.o(i._is_digit)
    locale$$code                             0x080052e0   Section       44  lc_numeric_c.o(locale$$code)
    x$fpl$printf1                            0x0800530c   Section       16  printf1.o(x$fpl$printf1)
    fdiv_tab                                 0x0800531c   Data          64  fdiv.o(.constdata)
    .constdata                               0x0800531c   Section       64  fdiv.o(.constdata)
    x$fpl$usenofp                            0x0800531c   Section        0  usenofp.o(x$fpl$usenofp)
    tenpwrs_x                                0x0800535c   Data          60  bigflt0.o(.constdata)
    .constdata                               0x0800535c   Section      148  bigflt0.o(.constdata)
    tenpwrs_i                                0x08005398   Data          64  bigflt0.o(.constdata)
    [Anonymous Symbol]                       0x08005420   Section        0  stm32l0xx_hal_tim.o(.rodata.cst16)
    [Anonymous Symbol]                       0x08005450   Section        0  stm32l0xx_hal_uart.o(.rodata.cst16)
    [Anonymous Symbol]                       0x08005460   Section        0  main.o(.rodata.str1.1)
    locale$$data                             0x0800548c   Section       28  lc_numeric_c.o(locale$$data)
    __lcnum_c_name                           0x08005490   Data           2  lc_numeric_c.o(locale$$data)
    __lcnum_c_start                          0x08005498   Data           0  lc_numeric_c.o(locale$$data)
    __lcnum_c_point                          0x080054a4   Data           0  lc_numeric_c.o(locale$$data)
    __lcnum_c_thousands                      0x080054a6   Data           0  lc_numeric_c.o(locale$$data)
    __lcnum_c_grouping                       0x080054a7   Data           0  lc_numeric_c.o(locale$$data)
    __lcnum_c_end                            0x080054a8   Data           0  lc_numeric_c.o(locale$$data)
    [Anonymous Symbol]                       0x20000000   Section        0  main.o(.data..L_MergedGlobals)
    [Anonymous Symbol]                       0x20000008   Section        0  stm32l0xx_hal.o(.data..L_MergedGlobals)
    .bss                                     0x20000018   Section       96  libspace.o(.bss)
    [Anonymous Symbol]                       0x20000078   Section        0  main.o(.bss..L_MergedGlobals.4)
    I2C_LCD_InfoParam_g                      0x200000d0   Data           2  i2c_lcd.o(.bss.I2C_LCD_InfoParam_g)
    [Anonymous Symbol]                       0x200000d0   Section        0  i2c_lcd.o(.bss.I2C_LCD_InfoParam_g)
    Heap_Mem                                 0x20000310   Data         512  startup_stm32l073xx.o(HEAP)
    HEAP                                     0x20000310   Section      512  startup_stm32l073xx.o(HEAP)
    Stack_Mem                                0x20000510   Data        1024  startup_stm32l073xx.o(STACK)
    STACK                                    0x20000510   Section     1024  startup_stm32l073xx.o(STACK)
    __initial_sp                             0x20000910   Data           0  startup_stm32l073xx.o(STACK)

    Global Symbols

    Symbol Name                              Value     Ov Type        Size  Object(Section)

    BuildAttributes$$THM_ISAv3M$S$PE$A:L22$X:L11$S22$IEEE1$IW$~IW$USESV6$~STKCKD$USESV7$~SHL$OTIME$ROPI$IEEEJ$EBA8$UX$STANDARDLIB$REQ8$PRES8$EABIv2 0x00000000   Number         0  anon$$obj.o ABSOLUTE
    _printf_flags                            0x00000000   Number         0  printf_stubs.o ABSOLUTE
    _printf_return_value                     0x00000000   Number         0  printf_stubs.o ABSOLUTE
    _printf_sizespec                         0x00000000   Number         0  printf_stubs.o ABSOLUTE
    _printf_widthprec                        0x00000000   Number         0  printf_stubs.o ABSOLUTE
    __ARM_exceptions_init                     - Undefined Weak Reference
    __alloca_initialize                       - Undefined Weak Reference
    __arm_preinit_                            - Undefined Weak Reference
    __arm_relocate_pie_                       - Undefined Weak Reference
    __cpp_initialize__aeabi_                  - Undefined Weak Reference
    __cxa_finalize                            - Undefined Weak Reference
    __sigvec_lookup                           - Undefined Weak Reference
    _atexit_init                              - Undefined Weak Reference
    _call_atexit_fns                          - Undefined Weak Reference
    _clock_init                               - Undefined Weak Reference
    _fp_trap_init                             - Undefined Weak Reference
    _fp_trap_shutdown                         - Undefined Weak Reference
    _get_lc_collate                           - Undefined Weak Reference
    _get_lc_ctype                             - Undefined Weak Reference
    _get_lc_monetary                          - Undefined Weak Reference
    _get_lc_time                              - Undefined Weak Reference
    _getenv_init                              - Undefined Weak Reference
    _handle_redirection                       - Undefined Weak Reference
    _init_alloc                               - Undefined Weak Reference
    _init_user_alloc                          - Undefined Weak Reference
    _initio                                   - Undefined Weak Reference
    _printf_post_padding                      - Undefined Weak Reference
    _printf_pre_padding                       - Undefined Weak Reference
    _rand_init                                - Undefined Weak Reference
    _signal_finish                            - Undefined Weak Reference
    _signal_init                              - Undefined Weak Reference
    _terminate_alloc                          - Undefined Weak Reference
    _terminate_user_alloc                     - Undefined Weak Reference
    _terminateio                              - Undefined Weak Reference
    __Vectors_Size                           0x000000c0   Number         0  startup_stm32l073xx.o ABSOLUTE
    __Vectors                                0x08000000   Data           4  startup_stm32l073xx.o(RESET)
    __Vectors_End                            0x080000c0   Data           0  startup_stm32l073xx.o(RESET)
    __main                                   0x080000c1   Thumb Code     8  __main.o(!!!main)
    __scatterload                            0x080000c9   Thumb Code     0  __scatter.o(!!!scatter)
    __scatterload_rt2                        0x080000c9   Thumb Code    74  __scatter.o(!!!scatter)
    __scatterload_rt2_thumb_only             0x080000c9   Thumb Code     0  __scatter.o(!!!scatter)
    __scatterload_loop                       0x080000d3   Thumb Code     0  __scatter.o(!!!scatter)
    __scatterload_copy                       0x0800011d   Thumb Code    26  __scatter_copy.o(!!handler_copy)
    __scatterload_null                       0x08000139   Thumb Code     2  __scatter.o(!!handler_null)
    __scatterload_zeroinit                   0x0800013d   Thumb Code    28  __scatter_zi.o(!!handler_zi)
    _printf_percent                          0x08000159   Thumb Code     0  _printf_percent.o(.ARM.Collect$$_printf_percent$$00000000)
    _printf_f                                0x0800015b   Thumb Code     0  _printf_f.o(.ARM.Collect$$_printf_percent$$00000003)
    _printf_percent_end                      0x08000165   Thumb Code     0  _printf_percent_end.o(.ARM.Collect$$_printf_percent$$00000017)
    __rt_lib_init                            0x08000169   Thumb Code     0  libinit.o(.ARM.Collect$$libinit$$00000000)
    __rt_lib_init_fp_1                       0x0800016b   Thumb Code     0  libinit2.o(.ARM.Collect$$libinit$$00000002)
    __rt_lib_init_heap_1                     0x0800016b   Thumb Code     0  libinit2.o(.ARM.Collect$$libinit$$0000000C)
    __rt_lib_init_lc_common                  0x0800016b   Thumb Code     0  libinit2.o(.ARM.Collect$$libinit$$00000011)
    __rt_lib_init_preinit_1                  0x0800016b   Thumb Code     0  libinit2.o(.ARM.Collect$$libinit$$00000006)
    __rt_lib_init_rand_1                     0x0800016b   Thumb Code     0  libinit2.o(.ARM.Collect$$libinit$$00000010)
    __rt_lib_init_relocate_pie_1             0x0800016b   Thumb Code     0  libinit2.o(.ARM.Collect$$libinit$$00000004)
    __rt_lib_init_user_alloc_1               0x0800016b   Thumb Code     0  libinit2.o(.ARM.Collect$$libinit$$0000000E)
    __rt_lib_init_lc_collate_1               0x08000171   Thumb Code     0  libinit2.o(.ARM.Collect$$libinit$$00000013)
    __rt_lib_init_lc_ctype_1                 0x08000171   Thumb Code     0  libinit2.o(.ARM.Collect$$libinit$$00000015)
    __rt_lib_init_lc_monetary_1              0x08000171   Thumb Code     0  libinit2.o(.ARM.Collect$$libinit$$00000017)
    __rt_lib_init_lc_numeric_2               0x08000171   Thumb Code     0  libinit2.o(.ARM.Collect$$libinit$$00000018)
    __rt_lib_init_alloca_1                   0x0800017b   Thumb Code     0  libinit2.o(.ARM.Collect$$libinit$$00000030)
    __rt_lib_init_argv_1                     0x0800017b   Thumb Code     0  libinit2.o(.ARM.Collect$$libinit$$0000002E)
    __rt_lib_init_atexit_1                   0x0800017b   Thumb Code     0  libinit2.o(.ARM.Collect$$libinit$$0000001D)
    __rt_lib_init_clock_1                    0x0800017b   Thumb Code     0  libinit2.o(.ARM.Collect$$libinit$$00000023)
    __rt_lib_init_cpp_1                      0x0800017b   Thumb Code     0  libinit2.o(.ARM.Collect$$libinit$$00000034)
    __rt_lib_init_exceptions_1               0x0800017b   Thumb Code     0  libinit2.o(.ARM.Collect$$libinit$$00000032)
    __rt_lib_init_fp_trap_1                  0x0800017b   Thumb Code     0  libinit2.o(.ARM.Collect$$libinit$$00000021)
    __rt_lib_init_getenv_1                   0x0800017b   Thumb Code     0  libinit2.o(.ARM.Collect$$libinit$$00000025)
    __rt_lib_init_lc_numeric_1               0x0800017b   Thumb Code     0  libinit2.o(.ARM.Collect$$libinit$$00000019)
    __rt_lib_init_lc_time_1                  0x0800017b   Thumb Code     0  libinit2.o(.ARM.Collect$$libinit$$0000001B)
    __rt_lib_init_return                     0x0800017b   Thumb Code     0  libinit2.o(.ARM.Collect$$libinit$$00000035)
    __rt_lib_init_signal_1                   0x0800017b   Thumb Code     0  libinit2.o(.ARM.Collect$$libinit$$0000001F)
    __rt_lib_init_stdio_1                    0x0800017b   Thumb Code     0  libinit2.o(.ARM.Collect$$libinit$$00000027)
    __rt_lib_shutdown                        0x0800017d   Thumb Code     0  libshutdown.o(.ARM.Collect$$libshutdown$$00000000)
    __rt_lib_shutdown_cpp_1                  0x0800017f   Thumb Code     0  libshutdown2.o(.ARM.Collect$$libshutdown$$00000002)
    __rt_lib_shutdown_fp_trap_1              0x0800017f   Thumb Code     0  libshutdown2.o(.ARM.Collect$$libshutdown$$00000007)
    __rt_lib_shutdown_heap_1                 0x0800017f   Thumb Code     0  libshutdown2.o(.ARM.Collect$$libshutdown$$0000000F)
    __rt_lib_shutdown_return                 0x0800017f   Thumb Code     0  libshutdown2.o(.ARM.Collect$$libshutdown$$00000010)
    __rt_lib_shutdown_signal_1               0x0800017f   Thumb Code     0  libshutdown2.o(.ARM.Collect$$libshutdown$$0000000A)
    __rt_lib_shutdown_stdio_1                0x0800017f   Thumb Code     0  libshutdown2.o(.ARM.Collect$$libshutdown$$00000004)
    __rt_lib_shutdown_user_alloc_1           0x0800017f   Thumb Code     0  libshutdown2.o(.ARM.Collect$$libshutdown$$0000000C)
    __rt_entry                               0x08000181   Thumb Code     0  __rtentry.o(.ARM.Collect$$rtentry$$00000000)
    __rt_entry_presh_1                       0x08000181   Thumb Code     0  __rtentry2.o(.ARM.Collect$$rtentry$$00000002)
    __rt_entry_sh                            0x08000181   Thumb Code     0  __rtentry4.o(.ARM.Collect$$rtentry$$00000004)
    __rt_entry_li                            0x08000187   Thumb Code     0  __rtentry2.o(.ARM.Collect$$rtentry$$0000000A)
    __rt_entry_postsh_1                      0x08000187   Thumb Code     0  __rtentry2.o(.ARM.Collect$$rtentry$$00000009)
    __rt_entry_main                          0x0800018b   Thumb Code     0  __rtentry2.o(.ARM.Collect$$rtentry$$0000000D)
    __rt_entry_postli_1                      0x0800018b   Thumb Code     0  __rtentry2.o(.ARM.Collect$$rtentry$$0000000C)
    __rt_exit                                0x08000193   Thumb Code     0  rtexit.o(.ARM.Collect$$rtexit$$00000000)
    __rt_exit_ls                             0x08000195   Thumb Code     0  rtexit2.o(.ARM.Collect$$rtexit$$00000003)
    __rt_exit_prels_1                        0x08000195   Thumb Code     0  rtexit2.o(.ARM.Collect$$rtexit$$00000002)
    __rt_exit_exit                           0x08000199   Thumb Code     0  rtexit2.o(.ARM.Collect$$rtexit$$00000004)
    Reset_Handler                            0x080001a1   Thumb Code     8  startup_stm32l073xx.o(.text)
    ADC1_COMP_IRQHandler                     0x080001b3   Thumb Code     0  startup_stm32l073xx.o(.text)
    DMA1_Channel1_IRQHandler                 0x080001b3   Thumb Code     0  startup_stm32l073xx.o(.text)
    EXTI0_1_IRQHandler                       0x080001b3   Thumb Code     0  startup_stm32l073xx.o(.text)
    EXTI2_3_IRQHandler                       0x080001b3   Thumb Code     0  startup_stm32l073xx.o(.text)
    EXTI4_15_IRQHandler                      0x080001b3   Thumb Code     0  startup_stm32l073xx.o(.text)
    FLASH_IRQHandler                         0x080001b3   Thumb Code     0  startup_stm32l073xx.o(.text)
    I2C2_IRQHandler                          0x080001b3   Thumb Code     0  startup_stm32l073xx.o(.text)
    I2C3_IRQHandler                          0x080001b3   Thumb Code     0  startup_stm32l073xx.o(.text)
    LCD_IRQHandler                           0x080001b3   Thumb Code     0  startup_stm32l073xx.o(.text)
    LPTIM1_IRQHandler                        0x080001b3   Thumb Code     0  startup_stm32l073xx.o(.text)
    PVD_IRQHandler                           0x080001b3   Thumb Code     0  startup_stm32l073xx.o(.text)
    RCC_CRS_IRQHandler                       0x080001b3   Thumb Code     0  startup_stm32l073xx.o(.text)
    RNG_LPUART1_IRQHandler                   0x080001b3   Thumb Code     0  startup_stm32l073xx.o(.text)
    RTC_IRQHandler                           0x080001b3   Thumb Code     0  startup_stm32l073xx.o(.text)
    SPI1_IRQHandler                          0x080001b3   Thumb Code     0  startup_stm32l073xx.o(.text)
    SPI2_IRQHandler                          0x080001b3   Thumb Code     0  startup_stm32l073xx.o(.text)
    TIM21_IRQHandler                         0x080001b3   Thumb Code     0  startup_stm32l073xx.o(.text)
    TIM22_IRQHandler                         0x080001b3   Thumb Code     0  startup_stm32l073xx.o(.text)
    TIM3_IRQHandler                          0x080001b3   Thumb Code     0  startup_stm32l073xx.o(.text)
    TIM6_DAC_IRQHandler                      0x080001b3   Thumb Code     0  startup_stm32l073xx.o(.text)
    TIM7_IRQHandler                          0x080001b3   Thumb Code     0  startup_stm32l073xx.o(.text)
    TSC_IRQHandler                           0x080001b3   Thumb Code     0  startup_stm32l073xx.o(.text)
    USART1_IRQHandler                        0x080001b3   Thumb Code     0  startup_stm32l073xx.o(.text)
    USART2_IRQHandler                        0x080001b3   Thumb Code     0  startup_stm32l073xx.o(.text)
    USART4_5_IRQHandler                      0x080001b3   Thumb Code     0  startup_stm32l073xx.o(.text)
    USB_IRQHandler                           0x080001b3   Thumb Code     0  startup_stm32l073xx.o(.text)
    WWDG_IRQHandler                          0x080001b3   Thumb Code     0  startup_stm32l073xx.o(.text)
    __user_initial_stackheap                 0x080001b5   Thumb Code     0  startup_stm32l073xx.o(.text)
    __aeabi_uldivmod                         0x080001d9   Thumb Code   272  lludiv.o(.text)
    _ll_udiv                                 0x080001d9   Thumb Code     0  lludiv.o(.text)
    __2sprintf                               0x080002e9   Thumb Code    36  noretval__2sprintf.o(.text)
    __printf                                 0x08000311   Thumb Code   270  __printf_wp.o(.text)
    _memset_w                                0x0800041f   Thumb Code    26  rt_memclr.o(.text)
    _memset                                  0x08000439   Thumb Code    30  rt_memclr.o(.text)
    __aeabi_memclr                           0x08000457   Thumb Code     4  rt_memclr.o(.text)
    __rt_memclr                              0x08000457   Thumb Code     0  rt_memclr.o(.text)
    __aeabi_memclr4                          0x0800045b   Thumb Code     0  rt_memclr.o(.text)
    __aeabi_memclr8                          0x0800045b   Thumb Code     0  rt_memclr.o(.text)
    __rt_memclr_w                            0x0800045b   Thumb Code     4  rt_memclr.o(.text)
    __aeabi_uidivmod                         0x08000461   Thumb Code    28  aeabi_sdivfast.o(.text)
    __aeabi_idivmod                          0x0800047d   Thumb Code   472  aeabi_sdivfast.o(.text)
    __use_two_region_memory                  0x08000659   Thumb Code     2  heapauxi.o(.text)
    __rt_heap_escrow$2region                 0x0800065b   Thumb Code     2  heapauxi.o(.text)
    __rt_heap_expand$2region                 0x0800065d   Thumb Code     2  heapauxi.o(.text)
    __aeabi_f2d                              0x08000661   Thumb Code     0  f2d.o(.text)
    __extendsfdf2                            0x08000661   Thumb Code     0  f2d.o(.text)
    _f2d                                     0x08000661   Thumb Code    80  f2d.o(.text)
    __aeabi_fdiv                             0x080006b5   Thumb Code     0  fdiv.o(.text)
    __divsf3                                 0x080006b5   Thumb Code     0  fdiv.o(.text)
    _fdiv                                    0x080006b5   Thumb Code   334  fdiv.o(.text)
    _frdiv                                   0x08000803   Thumb Code     8  fdiv.o(.text)
    __aeabi_i2f_normalise                    0x08000815   Thumb Code    72  fflti.o(.text)
    __aeabi_i2f                              0x0800085d   Thumb Code    16  fflti.o(.text)
    _fflt                                    0x0800085d   Thumb Code     0  fflti.o(.text)
    __aeabi_ui2f                             0x0800086d   Thumb Code     6  fflti.o(.text)
    _ffltu                                   0x0800086d   Thumb Code     0  fflti.o(.text)
    _printf_fp_dec_real                      0x08000a11   Thumb Code   620  _printf_fp_dec.o(.text)
    _printf_char_common                      0x08000c93   Thumb Code    32  _printf_char_common.o(.text)
    _sputc                                   0x08000cb9   Thumb Code    10  _sputc.o(.text)
    __rt_locale                              0x08000cc5   Thumb Code     8  rt_locale_intlibspace.o(.text)
    _ll_udiv10                               0x08000ccd   Thumb Code   122  lludiv10.o(.text)
    _printf_fp_infnan                        0x08000d49   Thumb Code   120  _printf_fp_infnan.o(.text)
    _btod_etento                             0x08000dd1   Thumb Code   210  bigflt0.o(.text)
    _btod_d2e                                0x08000ea9   Thumb Code    64  btod.o(.text)
    _btod_emul                               0x080012dd   Thumb Code    28  btod.o(.text)
    _btod_emuld                              0x080012f9   Thumb Code   144  btod.o(.text)
    _btod_ediv                               0x08001389   Thumb Code    26  btod.o(.text)
    _btod_edivd                              0x080013a3   Thumb Code   124  btod.o(.text)
    __rt_udiv10                              0x08001429   Thumb Code    40  rtudiv10.o(.text)
    __user_libspace                          0x08001451   Thumb Code     8  libspace.o(.text)
    __user_perproc_libspace                  0x08001451   Thumb Code     0  libspace.o(.text)
    __user_perthread_libspace                0x08001451   Thumb Code     0  libspace.o(.text)
    __user_setup_stackheap                   0x08001459   Thumb Code    62  sys_stackheap_outer.o(.text)
    exit                                     0x08001497   Thumb Code    16  exit.o(.text)
    strcmp                                   0x080014a9   Thumb Code   176  strcmpv6m.o(.text)
    _sys_exit                                0x08001559   Thumb Code     8  sys_exit.o(.text)
    __I$use$semihosting                      0x08001565   Thumb Code     0  use_no_semi.o(.text)
    __use_no_semihosting_swi                 0x08001565   Thumb Code     2  use_no_semi.o(.text)
    __semihosting_library_function           0x08001567   Thumb Code     0  indicate_semi.o(.text)
    DMA1_Channel2_3_IRQHandler               0x08001569   Thumb Code    16  stm32l0xx_it.o(.text.DMA1_Channel2_3_IRQHandler)
    DMA1_Channel4_5_6_7_IRQHandler           0x08001581   Thumb Code    12  stm32l0xx_it.o(.text.DMA1_Channel4_5_6_7_IRQHandler)
    Error_Handler                            0x08001591   Thumb Code     8  main.o(.text.Error_Handler)
    HAL_DMA_Abort_IT                         0x08001599   Thumb Code    70  stm32l0xx_hal_dma.o(.text.HAL_DMA_Abort_IT)
    HAL_DMA_GetState                         0x080015df   Thumb Code     6  stm32l0xx_hal_dma.o(.text.HAL_DMA_GetState)
    HAL_DMA_IRQHandler                       0x080015e5   Thumb Code   216  stm32l0xx_hal_dma.o(.text.HAL_DMA_IRQHandler)
    HAL_DMA_Init                             0x080016bd   Thumb Code   148  stm32l0xx_hal_dma.o(.text.HAL_DMA_Init)
    HAL_Delay                                0x08001761   Thumb Code    32  stm32l0xx_hal.o(.text.HAL_Delay)
    HAL_GPIO_Init                            0x08001785   Thumb Code   380  stm32l0xx_hal_gpio.o(.text.HAL_GPIO_Init)
    HAL_GPIO_WritePin                        0x08001911   Thumb Code    16  stm32l0xx_hal_gpio.o(.text.HAL_GPIO_WritePin)
    HAL_GetTick                              0x08001921   Thumb Code     8  stm32l0xx_hal.o(.text.HAL_GetTick)
    HAL_I2CEx_ConfigAnalogFilter             0x0800192d   Thumb Code    66  stm32l0xx_hal_i2c_ex.o(.text.HAL_I2CEx_ConfigAnalogFilter)
    HAL_I2CEx_ConfigDigitalFilter            0x0800196f   Thumb Code    66  stm32l0xx_hal_i2c_ex.o(.text.HAL_I2CEx_ConfigDigitalFilter)
    HAL_I2C_AbortCpltCallback                0x080019b1   Thumb Code     2  stm32l0xx_hal_i2c.o(.text.HAL_I2C_AbortCpltCallback)
    HAL_I2C_AddrCallback                     0x080019b3   Thumb Code     2  stm32l0xx_hal_i2c.o(.text.HAL_I2C_AddrCallback)
    HAL_I2C_ER_IRQHandler                    0x080019b5   Thumb Code   130  stm32l0xx_hal_i2c.o(.text.HAL_I2C_ER_IRQHandler)
    HAL_I2C_EV_IRQHandler                    0x08001a37   Thumb Code    18  stm32l0xx_hal_i2c.o(.text.HAL_I2C_EV_IRQHandler)
    HAL_I2C_ErrorCallback                    0x08001a49   Thumb Code     2  stm32l0xx_hal_i2c.o(.text.HAL_I2C_ErrorCallback)
    HAL_I2C_Init                             0x08001a4d   Thumb Code   172  stm32l0xx_hal_i2c.o(.text.HAL_I2C_Init)
    HAL_I2C_ListenCpltCallback               0x08001b01   Thumb Code     2  stm32l0xx_hal_i2c.o(.text.HAL_I2C_ListenCpltCallback)
    HAL_I2C_Master_Transmit                  0x08001b05   Thumb Code   444  stm32l0xx_hal_i2c.o(.text.HAL_I2C_Master_Transmit)
    HAL_I2C_MspInit                          0x08001cd5   Thumb Code   200  stm32l0xx_hal_msp.o(.text.HAL_I2C_MspInit)
    HAL_I2C_SlaveRxCpltCallback              0x08001db1   Thumb Code     2  stm32l0xx_hal_i2c.o(.text.HAL_I2C_SlaveRxCpltCallback)
    HAL_I2C_SlaveTxCpltCallback              0x08001db3   Thumb Code     2  stm32l0xx_hal_i2c.o(.text.HAL_I2C_SlaveTxCpltCallback)
    HAL_IncTick                              0x08001db5   Thumb Code    16  stm32l0xx_hal.o(.text.HAL_IncTick)
    HAL_Init                                 0x08001dc9   Thumb Code    36  stm32l0xx_hal.o(.text.HAL_Init)
    HAL_InitTick                             0x08001df1   Thumb Code    60  stm32l0xx_hal.o(.text.HAL_InitTick)
    HAL_MspInit                              0x08001e35   Thumb Code    20  stm32l0xx_hal_msp.o(.text.HAL_MspInit)
    HAL_NVIC_EnableIRQ                       0x08001e4d   Thumb Code    20  stm32l0xx_hal_cortex.o(.text.HAL_NVIC_EnableIRQ)
    HAL_NVIC_SetPriority                     0x08001e65   Thumb Code    48  stm32l0xx_hal_cortex.o(.text.HAL_NVIC_SetPriority)
    HAL_RCCEx_PeriphCLKConfig                0x08001e9d   Thumb Code   560  stm32l0xx_hal_rcc_ex.o(.text.HAL_RCCEx_PeriphCLKConfig)
    HAL_RCC_ClockConfig                      0x080020d5   Thumb Code   504  stm32l0xx_hal_rcc.o(.text.HAL_RCC_ClockConfig)
    HAL_RCC_GetPCLK1Freq                     0x080022dd   Thumb Code    20  stm32l0xx_hal_rcc.o(.text.HAL_RCC_GetPCLK1Freq)
    HAL_RCC_GetPCLK2Freq                     0x080022f1   Thumb Code    20  stm32l0xx_hal_rcc.o(.text.HAL_RCC_GetPCLK2Freq)
    HAL_RCC_GetSysClockFreq                  0x08002311   Thumb Code   104  stm32l0xx_hal_rcc.o(.text.HAL_RCC_GetSysClockFreq)
    HAL_RCC_OscConfig                        0x08002389   Thumb Code  1380  stm32l0xx_hal_rcc.o(.text.HAL_RCC_OscConfig)
    HAL_SYSTICK_Config                       0x08002915   Thumb Code    40  stm32l0xx_hal_cortex.o(.text.HAL_SYSTICK_Config)
    HAL_TIMEx_MasterConfigSynchronization    0x08002949   Thumb Code    92  stm32l0xx_hal_tim_ex.o(.text.HAL_TIMEx_MasterConfigSynchronization)
    HAL_TIMEx_RemapConfig                    0x080029a5   Thumb Code    28  stm32l0xx_hal_tim_ex.o(.text.HAL_TIMEx_RemapConfig)
    HAL_TIM_Base_Init                        0x080029c1   Thumb Code   180  stm32l0xx_hal_tim.o(.text.HAL_TIM_Base_Init)
    HAL_TIM_Base_MspInit                     0x08002a81   Thumb Code   168  stm32l0xx_hal_msp.o(.text.HAL_TIM_Base_MspInit)
    HAL_TIM_ConfigClockSource                0x08002b39   Thumb Code   344  stm32l0xx_hal_tim.o(.text.HAL_TIM_ConfigClockSource)
    HAL_TIM_IC_CaptureCallback               0x08002c95   Thumb Code   148  main.o(.text.HAL_TIM_IC_CaptureCallback)
    HAL_TIM_IC_ConfigChannel                 0x08002d5d   Thumb Code   388  stm32l0xx_hal_tim.o(.text.HAL_TIM_IC_ConfigChannel)
    HAL_TIM_IC_Init                          0x08002ee5   Thumb Code   180  stm32l0xx_hal_tim.o(.text.HAL_TIM_IC_Init)
    HAL_TIM_IC_MspInit                       0x08002f99   Thumb Code     2  stm32l0xx_hal_tim.o(.text.HAL_TIM_IC_MspInit)
    HAL_TIM_IC_Start_IT                      0x08002f9d   Thumb Code   180  stm32l0xx_hal_tim.o(.text.HAL_TIM_IC_Start_IT)
    HAL_TIM_IRQHandler                       0x08003065   Thumb Code   370  stm32l0xx_hal_tim.o(.text.HAL_TIM_IRQHandler)
    HAL_TIM_MspPostInit                      0x080031d9   Thumb Code    76  stm32l0xx_hal_msp.o(.text.HAL_TIM_MspPostInit)
    HAL_TIM_OC_DelayElapsedCallback          0x08003229   Thumb Code     2  stm32l0xx_hal_tim.o(.text.HAL_TIM_OC_DelayElapsedCallback)
    HAL_TIM_PWM_ConfigChannel                0x0800322d   Thumb Code   334  stm32l0xx_hal_tim.o(.text.HAL_TIM_PWM_ConfigChannel)
    HAL_TIM_PWM_Init                         0x0800337d   Thumb Code   180  stm32l0xx_hal_tim.o(.text.HAL_TIM_PWM_Init)
    HAL_TIM_PWM_MspInit                      0x08003441   Thumb Code     2  stm32l0xx_hal_tim.o(.text.HAL_TIM_PWM_MspInit)
    HAL_TIM_PWM_PulseFinishedCallback        0x08003443   Thumb Code     2  stm32l0xx_hal_tim.o(.text.HAL_TIM_PWM_PulseFinishedCallback)
    HAL_TIM_PeriodElapsedCallback            0x08003445   Thumb Code     2  stm32l0xx_hal_tim.o(.text.HAL_TIM_PeriodElapsedCallback)
    HAL_TIM_ReadCapturedValue                0x08003447   Thumb Code    22  stm32l0xx_hal_tim.o(.text.HAL_TIM_ReadCapturedValue)
    HAL_TIM_TriggerCallback                  0x0800345d   Thumb Code     2  stm32l0xx_hal_tim.o(.text.HAL_TIM_TriggerCallback)
    HAL_UART_Init                            0x0800345f   Thumb Code   110  stm32l0xx_hal_uart.o(.text.HAL_UART_Init)
    HAL_UART_MspInit                         0x080034cd   Thumb Code    88  stm32l0xx_hal_msp.o(.text.HAL_UART_MspInit)
    HAL_UART_Transmit                        0x0800352d   Thumb Code   392  stm32l0xx_hal_uart.o(.text.HAL_UART_Transmit)
    HardFault_Handler                        0x080036b9   Thumb Code     2  stm32l0xx_it.o(.text.HardFault_Handler)
    I2C1_IRQHandler                          0x080036bd   Thumb Code    32  stm32l0xx_it.o(.text.I2C1_IRQHandler)
    I2C_LCD_Init                             0x08003e6d   Thumb Code   692  i2c_lcd.o(.text.I2C_LCD_Init)
    I2C_LCD_SetCursor                        0x08004121   Thumb Code    56  i2c_lcd.o(.text.I2C_LCD_SetCursor)
    I2C_LCD_WriteString                      0x08004261   Thumb Code    50  i2c_lcd.o(.text.I2C_LCD_WriteString)
    NMI_Handler                              0x080046b7   Thumb Code     2  stm32l0xx_it.o(.text.NMI_Handler)
    PendSV_Handler                           0x080046b9   Thumb Code     2  stm32l0xx_it.o(.text.PendSV_Handler)
    SVC_Handler                              0x080046bb   Thumb Code     2  stm32l0xx_it.o(.text.SVC_Handler)
    SysTick_Handler                          0x080046bd   Thumb Code     8  stm32l0xx_it.o(.text.SysTick_Handler)
    SystemClock_Config                       0x080046c5   Thumb Code   156  main.o(.text.SystemClock_Config)
    SystemInit                               0x08004765   Thumb Code     2  system_stm32l0xx.o(.text.SystemInit)
    TIM2_IRQHandler                          0x08004769   Thumb Code    12  stm32l0xx_it.o(.text.TIM2_IRQHandler)
    UART_AdvFeatureConfig                    0x08004779   Thumb Code   210  stm32l0xx_hal_uart.o(.text.UART_AdvFeatureConfig)
    UART_CheckIdleState                      0x0800484d   Thumb Code   204  stm32l0xx_hal_uart.o(.text.UART_CheckIdleState)
    UART_SetConfig                           0x0800491d   Thumb Code   484  stm32l0xx_hal_uart.o(.text.UART_SetConfig)
    UART_WaitOnFlagUntilTimeout              0x08004b49   Thumb Code   444  stm32l0xx_hal_uart.o(.text.UART_WaitOnFlagUntilTimeout)
    main                                     0x08004d05   Thumb Code   816  main.o(.text.main)
    __aeabi_uidiv                            0x0800507d   Thumb Code    68  aeabi_sdivfast.o(.text_divfast)
    __aeabi_idiv                             0x080050c1   Thumb Code   434  aeabi_sdivfast.o(.text_divfast)
    __ARM_common_ll_muluu                    0x08005273   Thumb Code    48  btod.o(i.__ARM_common_ll_muluu)
    __ARM_fpclassify                         0x080052a5   Thumb Code    40  fpclassify.o(i.__ARM_fpclassify)
    _is_digit                                0x080052d1   Thumb Code    14  __printf_wp.o(i._is_digit)
    _get_lc_numeric                          0x080052e1   Thumb Code    44  lc_numeric_c.o(locale$$code)
    _printf_fp_dec                           0x0800530d   Thumb Code    16  printf1.o(x$fpl$printf1)
    __I$use$fp                               0x0800531c   Number         0  usenofp.o(x$fpl$usenofp)
    AHBPrescTable                            0x080053f0   Data          16  system_stm32l0xx.o(.rodata.AHBPrescTable)
    APBPrescTable                            0x08005400   Data           8  system_stm32l0xx.o(.rodata.APBPrescTable)
    I2C_LCD_CfgParam                         0x08005408   Data          12  i2c_lcd_cfg.o(.rodata.I2C_LCD_CfgParam)
    PLLMulTable                              0x08005414   Data           9  system_stm32l0xx.o(.rodata.PLLMulTable)
    Region$$Table$$Base                      0x0800546c   Number         0  anon$$obj.o(Region$$Table)
    Region$$Table$$Limit                     0x0800548c   Number         0  anon$$obj.o(Region$$Table)
    PRESCALERabc                             0x20000000   Data           4  main.o(.data..L_MergedGlobals)
    TIM3Pres                                 0x20000004   Data           4  main.o(.data..L_MergedGlobals)
    uwTickFreq                               0x20000008   Data           1  stm32l0xx_hal.o(.data..L_MergedGlobals)
    uwTickPrio                               0x2000000c   Data           4  stm32l0xx_hal.o(.data..L_MergedGlobals)
    SystemCoreClock                          0x20000010   Data           4  system_stm32l0xx.o(.data.SystemCoreClock)
    __libspace_start                         0x20000018   Data          96  libspace.o(.bss)
    IC_Val1                                  0x20000078   Data           4  main.o(.bss..L_MergedGlobals.4)
    __temporary_stack_top$libspace           0x20000078   Data           0  libspace.o(.bss)
    IC_Val2                                  0x2000007c   Data           4  main.o(.bss..L_MergedGlobals.4)
    Difference                               0x20000080   Data           4  main.o(.bss..L_MergedGlobals.4)
    Is_First_Captured                        0x20000084   Data           4  main.o(.bss..L_MergedGlobals.4)
    frequency                                0x20000088   Data           4  main.o(.bss..L_MergedGlobals.4)
    ToMonitor                                0x2000008c   Data          18  main.o(.bss..L_MergedGlobals.4)
    txMessage                                0x2000009e   Data          50  main.o(.bss..L_MergedGlobals.4)
    hdma_i2c1_rx                             0x200000d4   Data          72  main.o(.bss.hdma_i2c1_rx)
    hdma_i2c1_tx                             0x2000011c   Data          72  main.o(.bss.hdma_i2c1_tx)
    hdma_tim2_ch1                            0x20000164   Data          72  main.o(.bss.hdma_tim2_ch1)
    hi2c1                                    0x200001ac   Data          84  main.o(.bss.hi2c1)
    htim2                                    0x20000200   Data          64  main.o(.bss.htim2)
    htim3                                    0x20000240   Data          64  main.o(.bss.htim3)
    huart2                                   0x20000280   Data         136  main.o(.bss.huart2)
    uwTick                                   0x20000308   Data           4  stm32l0xx_hal.o(.bss.uwTick)



==============================================================================

Memory Map of the image

  Image Entry point : 0x080000c1

  Load Region LR_IROM1 (Base: 0x08000000, Size: 0x000054c0, Max: 0x00030000, ABSOLUTE)

    Execution Region ER_IROM1 (Exec base: 0x08000000, Load base: 0x08000000, Size: 0x000054a8, Max: 0x00030000, ABSOLUTE)

    Exec Addr    Load Addr    Size         Type   Attr      Idx    E Section Name        Object

    0x08000000   0x08000000   0x000000c0   Data   RO            3    RESET               startup_stm32l073xx.o
    0x080000c0   0x080000c0   0x00000008   Code   RO         1210  * !!!main             c_p.l(__main.o)
    0x080000c8   0x080000c8   0x00000054   Code   RO         1445    !!!scatter          c_p.l(__scatter.o)
    0x0800011c   0x0800011c   0x0000001a   Code   RO         1449    !!handler_copy      c_p.l(__scatter_copy.o)
    0x08000136   0x08000136   0x00000002   PAD
    0x08000138   0x08000138   0x00000002   Code   RO         1446    !!handler_null      c_p.l(__scatter.o)
    0x0800013a   0x0800013a   0x00000002   PAD
    0x0800013c   0x0800013c   0x0000001c   Code   RO         1451    !!handler_zi        c_p.l(__scatter_zi.o)
    0x08000158   0x08000158   0x00000002   Code   RO         1197    .ARM.Collect$$_printf_percent$$00000000  c_p.l(_printf_percent.o)
    0x0800015a   0x0800015a   0x0000000a   Code   RO         1196    .ARM.Collect$$_printf_percent$$00000003  c_p.l(_printf_f.o)
    0x08000164   0x08000164   0x00000004   Code   RO         1238    .ARM.Collect$$_printf_percent$$00000017  c_p.l(_printf_percent_end.o)
    0x08000168   0x08000168   0x00000002   Code   RO         1307    .ARM.Collect$$libinit$$00000000  c_p.l(libinit.o)
    0x0800016a   0x0800016a   0x00000000   Code   RO         1309    .ARM.Collect$$libinit$$00000002  c_p.l(libinit2.o)
    0x0800016a   0x0800016a   0x00000000   Code   RO         1311    .ARM.Collect$$libinit$$00000004  c_p.l(libinit2.o)
    0x0800016a   0x0800016a   0x00000000   Code   RO         1313    .ARM.Collect$$libinit$$00000006  c_p.l(libinit2.o)
    0x0800016a   0x0800016a   0x00000000   Code   RO         1316    .ARM.Collect$$libinit$$0000000C  c_p.l(libinit2.o)
    0x0800016a   0x0800016a   0x00000000   Code   RO         1318    .ARM.Collect$$libinit$$0000000E  c_p.l(libinit2.o)
    0x0800016a   0x0800016a   0x00000000   Code   RO         1320    .ARM.Collect$$libinit$$00000010  c_p.l(libinit2.o)
    0x0800016a   0x0800016a   0x00000006   Code   RO         1321    .ARM.Collect$$libinit$$00000011  c_p.l(libinit2.o)
    0x08000170   0x08000170   0x00000000   Code   RO         1323    .ARM.Collect$$libinit$$00000013  c_p.l(libinit2.o)
    0x08000170   0x08000170   0x00000000   Code   RO         1325    .ARM.Collect$$libinit$$00000015  c_p.l(libinit2.o)
    0x08000170   0x08000170   0x00000000   Code   RO         1327    .ARM.Collect$$libinit$$00000017  c_p.l(libinit2.o)
    0x08000170   0x08000170   0x0000000a   Code   RO         1328    .ARM.Collect$$libinit$$00000018  c_p.l(libinit2.o)
    0x0800017a   0x0800017a   0x00000000   Code   RO         1329    .ARM.Collect$$libinit$$00000019  c_p.l(libinit2.o)
    0x0800017a   0x0800017a   0x00000000   Code   RO         1331    .ARM.Collect$$libinit$$0000001B  c_p.l(libinit2.o)
    0x0800017a   0x0800017a   0x00000000   Code   RO         1333    .ARM.Collect$$libinit$$0000001D  c_p.l(libinit2.o)
    0x0800017a   0x0800017a   0x00000000   Code   RO         1335    .ARM.Collect$$libinit$$0000001F  c_p.l(libinit2.o)
    0x0800017a   0x0800017a   0x00000000   Code   RO         1337    .ARM.Collect$$libinit$$00000021  c_p.l(libinit2.o)
    0x0800017a   0x0800017a   0x00000000   Code   RO         1339    .ARM.Collect$$libinit$$00000023  c_p.l(libinit2.o)
    0x0800017a   0x0800017a   0x00000000   Code   RO         1341    .ARM.Collect$$libinit$$00000025  c_p.l(libinit2.o)
    0x0800017a   0x0800017a   0x00000000   Code   RO         1343    .ARM.Collect$$libinit$$00000027  c_p.l(libinit2.o)
    0x0800017a   0x0800017a   0x00000000   Code   RO         1347    .ARM.Collect$$libinit$$0000002E  c_p.l(libinit2.o)
    0x0800017a   0x0800017a   0x00000000   Code   RO         1349    .ARM.Collect$$libinit$$00000030  c_p.l(libinit2.o)
    0x0800017a   0x0800017a   0x00000000   Code   RO         1351    .ARM.Collect$$libinit$$00000032  c_p.l(libinit2.o)
    0x0800017a   0x0800017a   0x00000000   Code   RO         1353    .ARM.Collect$$libinit$$00000034  c_p.l(libinit2.o)
    0x0800017a   0x0800017a   0x00000002   Code   RO         1354    .ARM.Collect$$libinit$$00000035  c_p.l(libinit2.o)
    0x0800017c   0x0800017c   0x00000002   Code   RO         1410    .ARM.Collect$$libshutdown$$00000000  c_p.l(libshutdown.o)
    0x0800017e   0x0800017e   0x00000000   Code   RO         1428    .ARM.Collect$$libshutdown$$00000002  c_p.l(libshutdown2.o)
    0x0800017e   0x0800017e   0x00000000   Code   RO         1430    .ARM.Collect$$libshutdown$$00000004  c_p.l(libshutdown2.o)
    0x0800017e   0x0800017e   0x00000000   Code   RO         1433    .ARM.Collect$$libshutdown$$00000007  c_p.l(libshutdown2.o)
    0x0800017e   0x0800017e   0x00000000   Code   RO         1436    .ARM.Collect$$libshutdown$$0000000A  c_p.l(libshutdown2.o)
    0x0800017e   0x0800017e   0x00000000   Code   RO         1438    .ARM.Collect$$libshutdown$$0000000C  c_p.l(libshutdown2.o)
    0x0800017e   0x0800017e   0x00000000   Code   RO         1441    .ARM.Collect$$libshutdown$$0000000F  c_p.l(libshutdown2.o)
    0x0800017e   0x0800017e   0x00000002   Code   RO         1442    .ARM.Collect$$libshutdown$$00000010  c_p.l(libshutdown2.o)
    0x08000180   0x08000180   0x00000000   Code   RO         1221    .ARM.Collect$$rtentry$$00000000  c_p.l(__rtentry.o)
    0x08000180   0x08000180   0x00000000   Code   RO         1241    .ARM.Collect$$rtentry$$00000002  c_p.l(__rtentry2.o)
    0x08000180   0x08000180   0x00000006   Code   RO         1253    .ARM.Collect$$rtentry$$00000004  c_p.l(__rtentry4.o)
    0x08000186   0x08000186   0x00000000   Code   RO         1243    .ARM.Collect$$rtentry$$00000009  c_p.l(__rtentry2.o)
    0x08000186   0x08000186   0x00000004   Code   RO         1244    .ARM.Collect$$rtentry$$0000000A  c_p.l(__rtentry2.o)
    0x0800018a   0x0800018a   0x00000000   Code   RO         1246    .ARM.Collect$$rtentry$$0000000C  c_p.l(__rtentry2.o)
    0x0800018a   0x0800018a   0x00000008   Code   RO         1247    .ARM.Collect$$rtentry$$0000000D  c_p.l(__rtentry2.o)
    0x08000192   0x08000192   0x00000002   Code   RO         1356    .ARM.Collect$$rtexit$$00000000  c_p.l(rtexit.o)
    0x08000194   0x08000194   0x00000000   Code   RO         1375    .ARM.Collect$$rtexit$$00000002  c_p.l(rtexit2.o)
    0x08000194   0x08000194   0x00000004   Code   RO         1376    .ARM.Collect$$rtexit$$00000003  c_p.l(rtexit2.o)
    0x08000198   0x08000198   0x00000006   Code   RO         1377    .ARM.Collect$$rtexit$$00000004  c_p.l(rtexit2.o)
    0x0800019e   0x0800019e   0x00000002   PAD
    0x080001a0   0x080001a0   0x00000038   Code   RO            4    .text               startup_stm32l073xx.o
    0x080001d8   0x080001d8   0x00000110   Code   RO         1168    .text               c_p.l(lludiv.o)
    0x080002e8   0x080002e8   0x00000028   Code   RO         1172    .text               c_p.l(noretval__2sprintf.o)
    0x08000310   0x08000310   0x0000010e   Code   RO         1184    .text               c_p.l(__printf_wp.o)
    0x0800041e   0x0800041e   0x00000040   Code   RO         1198    .text               c_p.l(rt_memclr.o)
    0x0800045e   0x0800045e   0x00000002   PAD
    0x08000460   0x08000460   0x000001f8   Code   RO         1200    .text               c_p.l(aeabi_sdivfast.o)
    0x08000658   0x08000658   0x00000006   Code   RO         1208    .text               c_p.l(heapauxi.o)
    0x0800065e   0x0800065e   0x00000002   PAD
    0x08000660   0x08000660   0x00000054   Code   RO         1212    .text               fz_ps.l(f2d.o)
    0x080006b4   0x080006b4   0x00000160   Code   RO         1214    .text               fz_ps.l(fdiv.o)
    0x08000814   0x08000814   0x0000005e   Code   RO         1217    .text               fz_ps.l(fflti.o)
    0x08000872   0x08000872   0x00000002   PAD
    0x08000874   0x08000874   0x00000414   Code   RO         1230    .text               c_p.l(_printf_fp_dec.o)
    0x08000c88   0x08000c88   0x00000030   Code   RO         1234    .text               c_p.l(_printf_char_common.o)
    0x08000cb8   0x08000cb8   0x0000000a   Code   RO         1236    .text               c_p.l(_sputc.o)
    0x08000cc2   0x08000cc2   0x00000002   PAD
    0x08000cc4   0x08000cc4   0x00000008   Code   RO         1260    .text               c_p.l(rt_locale_intlibspace.o)
    0x08000ccc   0x08000ccc   0x0000007a   Code   RO         1262    .text               c_p.l(lludiv10.o)
    0x08000d46   0x08000d46   0x00000002   PAD
    0x08000d48   0x08000d48   0x00000088   Code   RO         1264    .text               c_p.l(_printf_fp_infnan.o)
    0x08000dd0   0x08000dd0   0x000000d8   Code   RO         1268    .text               c_p.l(bigflt0.o)
    0x08000ea8   0x08000ea8   0x00000580   Code   RO         1271    .text               c_p.l(btod.o)
    0x08001428   0x08001428   0x00000028   Code   RO         1280    .text               c_p.l(rtudiv10.o)
    0x08001450   0x08001450   0x00000008   Code   RO         1286    .text               c_p.l(libspace.o)
    0x08001458   0x08001458   0x0000003e   Code   RO         1289    .text               c_p.l(sys_stackheap_outer.o)
    0x08001496   0x08001496   0x00000010   Code   RO         1294    .text               c_p.l(exit.o)
    0x080014a6   0x080014a6   0x00000002   PAD
    0x080014a8   0x080014a8   0x000000b0   Code   RO         1300    .text               c_p.l(strcmpv6m.o)
    0x08001558   0x08001558   0x0000000c   Code   RO         1370    .text               c_p.l(sys_exit.o)
    0x08001564   0x08001564   0x00000002   Code   RO         1397    .text               c_p.l(use_no_semi.o)
    0x08001566   0x08001566   0x00000000   Code   RO         1399    .text               c_p.l(indicate_semi.o)
    0x08001566   0x08001566   0x00000002   PAD
    0x08001568   0x08001568   0x00000018   Code   RO          103    .text.DMA1_Channel2_3_IRQHandler  stm32l0xx_it.o
    0x08001580   0x08001580   0x00000010   Code   RO          105    .text.DMA1_Channel4_5_6_7_IRQHandler  stm32l0xx_it.o
    0x08001590   0x08001590   0x00000008   Code   RO           71    .text.Error_Handler  main.o
    0x08001598   0x08001598   0x00000046   Code   RO          599    .text.HAL_DMA_Abort_IT  stm32l0xx_hal_dma.o
    0x080015de   0x080015de   0x00000006   Code   RO          609    .text.HAL_DMA_GetState  stm32l0xx_hal_dma.o
    0x080015e4   0x080015e4   0x000000d8   Code   RO          603    .text.HAL_DMA_IRQHandler  stm32l0xx_hal_dma.o
    0x080016bc   0x080016bc   0x000000a4   Code   RO          589    .text.HAL_DMA_Init  stm32l0xx_hal_dma.o
    0x08001760   0x08001760   0x00000024   Code   RO          336    .text.HAL_Delay     stm32l0xx_hal.o
    0x08001784   0x08001784   0x0000018c   Code   RO          565    .text.HAL_GPIO_Init  stm32l0xx_hal_gpio.o
    0x08001910   0x08001910   0x00000010   Code   RO          571    .text.HAL_GPIO_WritePin  stm32l0xx_hal_gpio.o
    0x08001920   0x08001920   0x0000000c   Code   RO          328    .text.HAL_GetTick   stm32l0xx_hal.o
    0x0800192c   0x0800192c   0x00000042   Code   RO          296    .text.HAL_I2CEx_ConfigAnalogFilter  stm32l0xx_hal_i2c_ex.o
    0x0800196e   0x0800196e   0x00000042   Code   RO          298    .text.HAL_I2CEx_ConfigDigitalFilter  stm32l0xx_hal_i2c_ex.o
    0x080019b0   0x080019b0   0x00000002   Code   RO          266    .text.HAL_I2C_AbortCpltCallback  stm32l0xx_hal_i2c.o
    0x080019b2   0x080019b2   0x00000002   Code   RO          256    .text.HAL_I2C_AddrCallback  stm32l0xx_hal_i2c.o
    0x080019b4   0x080019b4   0x00000082   Code   RO          244    .text.HAL_I2C_ER_IRQHandler  stm32l0xx_hal_i2c.o
    0x08001a36   0x08001a36   0x00000012   Code   RO          242    .text.HAL_I2C_EV_IRQHandler  stm32l0xx_hal_i2c.o
    0x08001a48   0x08001a48   0x00000002   Code   RO          264    .text.HAL_I2C_ErrorCallback  stm32l0xx_hal_i2c.o
    0x08001a4a   0x08001a4a   0x00000002   PAD
    0x08001a4c   0x08001a4c   0x000000b4   Code   RO          142    .text.HAL_I2C_Init  stm32l0xx_hal_i2c.o
    0x08001b00   0x08001b00   0x00000002   Code   RO          258    .text.HAL_I2C_ListenCpltCallback  stm32l0xx_hal_i2c.o
    0x08001b02   0x08001b02   0x00000002   PAD
    0x08001b04   0x08001b04   0x000001d0   Code   RO          150    .text.HAL_I2C_Master_Transmit  stm32l0xx_hal_i2c.o
    0x08001cd4   0x08001cd4   0x000000dc   Code   RO          120    .text.HAL_I2C_MspInit  stm32l0xx_hal_msp.o
    0x08001db0   0x08001db0   0x00000002   Code   RO          254    .text.HAL_I2C_SlaveRxCpltCallback  stm32l0xx_hal_i2c.o
    0x08001db2   0x08001db2   0x00000002   Code   RO          252    .text.HAL_I2C_SlaveTxCpltCallback  stm32l0xx_hal_i2c.o
    0x08001db4   0x08001db4   0x00000014   Code   RO          326    .text.HAL_IncTick   stm32l0xx_hal.o
    0x08001dc8   0x08001dc8   0x00000028   Code   RO          316    .text.HAL_Init      stm32l0xx_hal.o
    0x08001df0   0x08001df0   0x00000044   Code   RO          318    .text.HAL_InitTick  stm32l0xx_hal.o
    0x08001e34   0x08001e34   0x00000018   Code   RO          118    .text.HAL_MspInit   stm32l0xx_hal_msp.o
    0x08001e4c   0x08001e4c   0x00000018   Code   RO          687    .text.HAL_NVIC_EnableIRQ  stm32l0xx_hal_cortex.o
    0x08001e64   0x08001e64   0x00000038   Code   RO          685    .text.HAL_NVIC_SetPriority  stm32l0xx_hal_cortex.o
    0x08001e9c   0x08001e9c   0x00000238   Code   RO          422    .text.HAL_RCCEx_PeriphCLKConfig  stm32l0xx_hal_rcc_ex.o
    0x080020d4   0x080020d4   0x00000208   Code   RO          394    .text.HAL_RCC_ClockConfig  stm32l0xx_hal_rcc.o
    0x080022dc   0x080022dc   0x00000014   Code   RO          402    .text.HAL_RCC_GetPCLK1Freq  stm32l0xx_hal_rcc.o
    0x080022f0   0x080022f0   0x00000020   Code   RO          404    .text.HAL_RCC_GetPCLK2Freq  stm32l0xx_hal_rcc.o
    0x08002310   0x08002310   0x00000078   Code   RO          392    .text.HAL_RCC_GetSysClockFreq  stm32l0xx_hal_rcc.o
    0x08002388   0x08002388   0x0000058c   Code   RO          390    .text.HAL_RCC_OscConfig  stm32l0xx_hal_rcc.o
    0x08002914   0x08002914   0x00000034   Code   RO          693    .text.HAL_SYSTICK_Config  stm32l0xx_hal_cortex.o
    0x08002948   0x08002948   0x0000005c   Code   RO          972    .text.HAL_TIMEx_MasterConfigSynchronization  stm32l0xx_hal_tim_ex.o
    0x080029a4   0x080029a4   0x0000001c   Code   RO          974    .text.HAL_TIMEx_RemapConfig  stm32l0xx_hal_tim_ex.o
    0x080029c0   0x080029c0   0x000000c0   Code   RO          753    .text.HAL_TIM_Base_Init  stm32l0xx_hal_tim.o
    0x08002a80   0x08002a80   0x000000b8   Code   RO          124    .text.HAL_TIM_Base_MspInit  stm32l0xx_hal_msp.o
    0x08002b38   0x08002b38   0x0000015c   Code   RO          923    .text.HAL_TIM_ConfigClockSource  stm32l0xx_hal_tim.o
    0x08002c94   0x08002c94   0x000000c8   Code   RO           65    .text.HAL_TIM_IC_CaptureCallback  main.o
    0x08002d5c   0x08002d5c   0x00000188   Code   RO          897    .text.HAL_TIM_IC_ConfigChannel  stm32l0xx_hal_tim.o
    0x08002ee4   0x08002ee4   0x000000b4   Code   RO          823    .text.HAL_TIM_IC_Init  stm32l0xx_hal_tim.o
    0x08002f98   0x08002f98   0x00000002   Code   RO          825    .text.HAL_TIM_IC_MspInit  stm32l0xx_hal_tim.o
    0x08002f9a   0x08002f9a   0x00000002   PAD
    0x08002f9c   0x08002f9c   0x000000c8   Code   RO          835    .text.HAL_TIM_IC_Start_IT  stm32l0xx_hal_tim.o
    0x08003064   0x08003064   0x00000172   Code   RO          883    .text.HAL_TIM_IRQHandler  stm32l0xx_hal_tim.o
    0x080031d6   0x080031d6   0x00000002   PAD
    0x080031d8   0x080031d8   0x00000050   Code   RO          126    .text.HAL_TIM_MspPostInit  stm32l0xx_hal_msp.o
    0x08003228   0x08003228   0x00000002   Code   RO          887    .text.HAL_TIM_OC_DelayElapsedCallback  stm32l0xx_hal_tim.o
    0x0800322a   0x0800322a   0x00000002   PAD
    0x0800322c   0x0800322c   0x0000014e   Code   RO          899    .text.HAL_TIM_PWM_ConfigChannel  stm32l0xx_hal_tim.o
    0x0800337a   0x0800337a   0x00000002   PAD
    0x0800337c   0x0800337c   0x000000c4   Code   RO          803    .text.HAL_TIM_PWM_Init  stm32l0xx_hal_tim.o
    0x08003440   0x08003440   0x00000002   Code   RO          805    .text.HAL_TIM_PWM_MspInit  stm32l0xx_hal_tim.o
    0x08003442   0x08003442   0x00000002   Code   RO          889    .text.HAL_TIM_PWM_PulseFinishedCallback  stm32l0xx_hal_tim.o
    0x08003444   0x08003444   0x00000002   Code   RO          891    .text.HAL_TIM_PeriodElapsedCallback  stm32l0xx_hal_tim.o
    0x08003446   0x08003446   0x00000016   Code   RO          933    .text.HAL_TIM_ReadCapturedValue  stm32l0xx_hal_tim.o
    0x0800345c   0x0800345c   0x00000002   Code   RO          893    .text.HAL_TIM_TriggerCallback  stm32l0xx_hal_tim.o
    0x0800345e   0x0800345e   0x0000006e   Code   RO          984    .text.HAL_UART_Init  stm32l0xx_hal_uart.o
    0x080034cc   0x080034cc   0x00000060   Code   RO          130    .text.HAL_UART_MspInit  stm32l0xx_hal_msp.o
    0x0800352c   0x0800352c   0x0000018c   Code   RO         1004    .text.HAL_UART_Transmit  stm32l0xx_hal_uart.o
    0x080036b8   0x080036b8   0x00000002   Code   RO           95    .text.HardFault_Handler  stm32l0xx_it.o
    0x080036ba   0x080036ba   0x00000002   PAD
    0x080036bc   0x080036bc   0x00000024   Code   RO          109    .text.I2C1_IRQHandler  stm32l0xx_it.o
    0x080036e0   0x080036e0   0x0000003e   Code   RO          228    .text.I2C_DMAAbort  stm32l0xx_hal_i2c.o
    0x0800371e   0x0800371e   0x00000002   PAD
    0x08003720   0x08003720   0x0000009c   Code   RO          284    .text.I2C_ITAddrCplt  stm32l0xx_hal_i2c.o
    0x080037bc   0x080037bc   0x0000015c   Code   RO          246    .text.I2C_ITError   stm32l0xx_hal_i2c.o
    0x08003918   0x08003918   0x00000354   Code   RO          278    .text.I2C_ITSlaveCplt  stm32l0xx_hal_i2c.o
    0x08003c6c   0x08003c6c   0x00000084   Code   RO          282    .text.I2C_ITSlaveSeqCplt  stm32l0xx_hal_i2c.o
    0x08003cf0   0x08003cf0   0x0000017c   Code   RO          286    .text.I2C_IsErrorOccurred  stm32l0xx_hal_i2c.o
    0x08003e6c   0x08003e6c   0x000002b4   Code   RO           11    .text.I2C_LCD_Init  i2c_lcd.o
    0x08004120   0x08004120   0x0000004c   Code   RO           17    .text.I2C_LCD_SetCursor  i2c_lcd.o
    0x0800416c   0x0800416c   0x000000f4   Code   RO           47    .text.I2C_LCD_Write4Bits  i2c_lcd.o
    0x08004260   0x08004260   0x00000032   Code   RO           21    .text.I2C_LCD_WriteString  i2c_lcd.o
    0x08004292   0x08004292   0x00000002   PAD
    0x08004294   0x08004294   0x000001fc   Code   RO          174    .text.I2C_Slave_ISR_IT  stm32l0xx_hal_i2c.o
    0x08004490   0x08004490   0x000000fa   Code   RO          152    .text.I2C_WaitOnFlagUntilTimeout  stm32l0xx_hal_i2c.o
    0x0800458a   0x0800458a   0x00000086   Code   RO          156    .text.I2C_WaitOnSTOPFlagUntilTimeout  stm32l0xx_hal_i2c.o
    0x08004610   0x08004610   0x000000a6   Code   RO          154    .text.I2C_WaitOnTXISFlagUntilTimeout  stm32l0xx_hal_i2c.o
    0x080046b6   0x080046b6   0x00000002   Code   RO           93    .text.NMI_Handler   stm32l0xx_it.o
    0x080046b8   0x080046b8   0x00000002   Code   RO           99    .text.PendSV_Handler  stm32l0xx_it.o
    0x080046ba   0x080046ba   0x00000002   Code   RO           97    .text.SVC_Handler   stm32l0xx_it.o
    0x080046bc   0x080046bc   0x00000008   Code   RO          101    .text.SysTick_Handler  stm32l0xx_it.o
    0x080046c4   0x080046c4   0x000000a0   Code   RO           69    .text.SystemClock_Config  main.o
    0x08004764   0x08004764   0x00000002   Code   RO         1151    .text.SystemInit    system_stm32l0xx.o
    0x08004766   0x08004766   0x00000002   PAD
    0x08004768   0x08004768   0x00000010   Code   RO          107    .text.TIM2_IRQHandler  stm32l0xx_it.o
    0x08004778   0x08004778   0x000000d2   Code   RO          988    .text.UART_AdvFeatureConfig  stm32l0xx_hal_uart.o
    0x0800484a   0x0800484a   0x00000002   PAD
    0x0800484c   0x0800484c   0x000000d0   Code   RO          992    .text.UART_CheckIdleState  stm32l0xx_hal_uart.o
    0x0800491c   0x0800491c   0x0000022c   Code   RO          990    .text.UART_SetConfig  stm32l0xx_hal_uart.o
    0x08004b48   0x08004b48   0x000001bc   Code   RO         1006    .text.UART_WaitOnFlagUntilTimeout  stm32l0xx_hal_uart.o
    0x08004d04   0x08004d04   0x00000378   Code   RO           67    .text.main          main.o
    0x0800507c   0x0800507c   0x000001f6   Code   RO         1201    .text_divfast       c_p.l(aeabi_sdivfast.o)
    0x08005272   0x08005272   0x00000030   Code   RO         1273    i.__ARM_common_ll_muluu  c_p.l(btod.o)
    0x080052a2   0x080052a2   0x00000002   PAD
    0x080052a4   0x080052a4   0x0000002c   Code   RO         1284    i.__ARM_fpclassify  m_ps.l(fpclassify.o)
    0x080052d0   0x080052d0   0x0000000e   Code   RO         1186    i._is_digit         c_p.l(__printf_wp.o)
    0x080052de   0x080052de   0x00000002   PAD
    0x080052e0   0x080052e0   0x0000002c   Code   RO         1278    locale$$code        c_p.l(lc_numeric_c.o)
    0x0800530c   0x0800530c   0x00000010   Code   RO         1219    x$fpl$printf1       fz_ps.l(printf1.o)
    0x0800531c   0x0800531c   0x00000000   Code   RO         1239    x$fpl$usenofp       fz_ps.l(usenofp.o)
    0x0800531c   0x0800531c   0x00000040   Data   RO         1215    .constdata          fz_ps.l(fdiv.o)
    0x0800535c   0x0800535c   0x00000094   Data   RO         1269    .constdata          c_p.l(bigflt0.o)
    0x080053f0   0x080053f0   0x00000010   Data   RO         1156    .rodata.AHBPrescTable  system_stm32l0xx.o
    0x08005400   0x08005400   0x00000008   Data   RO         1157    .rodata.APBPrescTable  system_stm32l0xx.o
    0x08005408   0x08005408   0x0000000c   Data   RO           58    .rodata.I2C_LCD_CfgParam  i2c_lcd_cfg.o
    0x08005414   0x08005414   0x00000009   Data   RO         1158    .rodata.PLLMulTable  system_stm32l0xx.o
    0x0800541d   0x0800541d   0x00000003   PAD
    0x08005420   0x08005420   0x00000030   Data   RO          963    .rodata.cst16       stm32l0xx_hal_tim.o
    0x08005450   0x08005450   0x00000010   Data   RO         1110    .rodata.cst16       stm32l0xx_hal_uart.o
    0x08005460   0x08005460   0x0000000b   Data   RO           75    .rodata.str1.1      main.o
    0x0800546b   0x0800546b   0x00000001   PAD
    0x0800546c   0x0800546c   0x00000020   Data   RO         1444    Region$$Table       anon$$obj.o
    0x0800548c   0x0800548c   0x0000001c   Data   RO         1277    locale$$data        c_p.l(lc_numeric_c.o)


    Execution Region RW_IRAM1 (Exec base: 0x20000000, Load base: 0x080054a8, Size: 0x00000910, Max: 0x00005000, ABSOLUTE)

    Exec Addr    Load Addr    Size         Type   Attr      Idx    E Section Name        Object

    0x20000000   0x080054a8   0x00000008   Data   RW           83    .data..L_MergedGlobals  main.o
    0x20000008   0x080054b0   0x00000008   Data   RW          379    .data..L_MergedGlobals  stm32l0xx_hal.o
    0x20000010   0x080054b8   0x00000004   Data   RW         1155    .data.SystemCoreClock  system_stm32l0xx.o
    0x20000014   0x080054bc   0x00000004   PAD
    0x20000018        -       0x00000060   Zero   RW         1287    .bss                c_p.l(libspace.o)
    0x20000078        -       0x00000058   Zero   RW           84    .bss..L_MergedGlobals.4  main.o
    0x200000d0        -       0x00000002   Zero   RW           49    .bss.I2C_LCD_InfoParam_g  i2c_lcd.o
    0x200000d2   0x080054bc   0x00000002   PAD
    0x200000d4        -       0x00000048   Zero   RW           78    .bss.hdma_i2c1_rx   main.o
    0x2000011c        -       0x00000048   Zero   RW           79    .bss.hdma_i2c1_tx   main.o
    0x20000164        -       0x00000048   Zero   RW           80    .bss.hdma_tim2_ch1  main.o
    0x200001ac        -       0x00000054   Zero   RW           77    .bss.hi2c1          main.o
    0x20000200        -       0x00000040   Zero   RW           74    .bss.htim2          main.o
    0x20000240        -       0x00000040   Zero   RW           73    .bss.htim3          main.o
    0x20000280        -       0x00000088   Zero   RW           76    .bss.huart2         main.o
    0x20000308        -       0x00000004   Zero   RW          378    .bss.uwTick         stm32l0xx_hal.o
    0x2000030c   0x080054bc   0x00000004   PAD
    0x20000310        -       0x00000200   Zero   RW            2    HEAP                startup_stm32l073xx.o
    0x20000510        -       0x00000400   Zero   RW            1    STACK               startup_stm32l073xx.o


==============================================================================

Image component sizes


      Code (inc. data)   RO Data    RW Data    ZI Data      Debug   Object Name

      1062         40          0          0          2      12238   i2c_lcd.o
         0          0         12          0          0       3616   i2c_lcd_cfg.o
      1256        128         11          8        652      12980   main.o
        56         26        192          0       1536        696   startup_stm32l073xx.o
       176         24          0          8          4       6940   stm32l0xx_hal.o
       132         24          0          0          0       7012   stm32l0xx_hal_cortex.o
       456         16          0          0          0       7924   stm32l0xx_hal_dma.o
       412         16          0          0          0       5158   stm32l0xx_hal_gpio.o
      3792         84          0          0          0      68879   stm32l0xx_hal_i2c.o
       132          0          0          0          0       5452   stm32l0xx_hal_i2c_ex.o
       604         52          0          0          0       9967   stm32l0xx_hal_msp.o
      2112        104          0          0          0      10137   stm32l0xx_hal_rcc.o
       568          8          0          0          0       8807   stm32l0xx_hal_rcc_ex.o
      2246         64         48          0          0      57216   stm32l0xx_hal_tim.o
       120          0          0          0          0       4501   stm32l0xx_hal_tim_ex.o
      1924        110         16          0          0      43245   stm32l0xx_hal_uart.o
       108         20          0          0          0       2542   stm32l0xx_it.o
         2          0         33          4          0       2202   system_stm32l0xx.o

    ----------------------------------------------------------------------
     15180        716        348         20       2204     269512   Object Totals
         0          0         32          0          0          0   (incl. Generated)
        22          0          4          0         10          0   (incl. Padding)

    ----------------------------------------------------------------------

      Code (inc. data)   RO Data    RW Data    ZI Data      Debug   Library Member Name

         8          0          0          0          0         68   __main.o
       284          0          0          0          0        136   __printf_wp.o
         0          0          0          0          0          0   __rtentry.o
        12          0          0          0          0          0   __rtentry2.o
         6          0          0          0          0          0   __rtentry4.o
        86         10          0          0          0          0   __scatter.o
        26          0          0          0          0          0   __scatter_copy.o
        28          0          0          0          0          0   __scatter_zi.o
        48          6          0          0          0         88   _printf_char_common.o
        10          0          0          0          0          0   _printf_f.o
      1044         12          0          0          0        116   _printf_fp_dec.o
       136         16          0          0          0         76   _printf_fp_infnan.o
         2          0          0          0          0          0   _printf_percent.o
         4          0          0          0          0          0   _printf_percent_end.o
        10          0          0          0          0         60   _sputc.o
      1006          4          0          0          0        184   aeabi_sdivfast.o
       216          6        148          0          0         80   bigflt0.o
      1456         30          0          0          0        336   btod.o
        16          0          0          0          0         68   exit.o
         6          0          0          0          0        136   heapauxi.o
         0          0          0          0          0          0   indicate_semi.o
        44         10         28          0          0         76   lc_numeric_c.o
         2          0          0          0          0          0   libinit.o
        18          0          0          0          0          0   libinit2.o
         2          0          0          0          0          0   libshutdown.o
         2          0          0          0          0          0   libshutdown2.o
         8          4          0          0         96         68   libspace.o
       272          0          0          0          0         88   lludiv.o
       122          0          0          0          0         72   lludiv10.o
        40          4          0          0          0         84   noretval__2sprintf.o
         8          4          0          0          0         68   rt_locale_intlibspace.o
        64          0          0          0          0        108   rt_memclr.o
         2          0          0          0          0          0   rtexit.o
        10          0          0          0          0          0   rtexit2.o
        40          0          0          0          0         60   rtudiv10.o
       176          4          0          0          0         80   strcmpv6m.o
        12          4          0          0          0         60   sys_exit.o
        62          0          0          0          0         80   sys_stackheap_outer.o
         2          0          0          0          0         68   use_no_semi.o
        84          4          0          0          0         60   f2d.o
       352         10         64          0          0         92   fdiv.o
        94          0          0          0          0         92   fflti.o
        16          4          0          0          0         76   printf1.o
         0          0          0          0          0          0   usenofp.o
        44          4          0          0          0         60   fpclassify.o

    ----------------------------------------------------------------------
      5904        136        240          0         96       2640   Library Totals
        24          0          0          0          0          0   (incl. Padding)

    ----------------------------------------------------------------------

      Code (inc. data)   RO Data    RW Data    ZI Data      Debug   Library Name

      5290        114        176          0         96       2260   c_p.l
       546         18         64          0          0        320   fz_ps.l
        44          4          0          0          0         60   m_ps.l

    ----------------------------------------------------------------------
      5904        136        240          0         96       2640   Library Totals

    ----------------------------------------------------------------------

==============================================================================


      Code (inc. data)   RO Data    RW Data    ZI Data      Debug   

     21084        852        588         20       2300     270724   Grand Totals
     21084        852        588         20       2300     270724   ELF Image Totals
     21084        852        588         20          0          0   ROM Totals

==============================================================================

    Total RO  Size (Code + RO Data)                21672 (  21.16kB)
    Total RW  Size (RW Data + ZI Data)              2320 (   2.27kB)
    Total ROM Size (Code + RO Data + RW Data)      21692 (  21.18kB)

==============================================================================

